Nov 09 13:11:35 localhost kernel: Linux version 5.15.73 (oe-user@oe-host) (x86_64-poky-linux-gcc (GCC) 11.3.0, GNU ld (GNU Binutils) 2.38.20220708) #1 SMP PREEMPT Sun May 21 21:05:48 UTC 2023
Nov 09 13:11:35 localhost kernel: Command line: BOOT_IMAGE=/boot/vmlinuz root=/dev/sda2 video=eDP-1:d ro
Nov 09 13:11:35 localhost kernel: x86/fpu: Supporting XSAVE feature 0x001: 'x87 floating point registers'
Nov 09 13:11:35 localhost kernel: x86/fpu: Supporting XSAVE feature 0x002: 'SSE registers'
Nov 09 13:11:35 localhost kernel: x86/fpu: Supporting XSAVE feature 0x004: 'AVX registers'
Nov 09 13:11:35 localhost kernel: x86/fpu: xstate_offset[2]:  576, xstate_sizes[2]:  256
Nov 09 13:11:35 localhost kernel: x86/fpu: Enabled xstate features 0x7, context size is 832 bytes, using 'compacted' format.
Nov 09 13:11:35 localhost kernel: signal: max sigframe size: 1776
Nov 09 13:11:35 localhost kernel: BIOS-provided physical RAM map:
Nov 09 13:11:35 localhost kernel: BIOS-e820: [mem 0x0000000000000000-0x000000000009ffff] usable
Nov 09 13:11:35 localhost kernel: BIOS-e820: [mem 0x00000000000a0000-0x00000000000fffff] reserved
Nov 09 13:11:35 localhost kernel: BIOS-e820: [mem 0x0000000000100000-0x0000000009601fff] usable
Nov 09 13:11:35 localhost kernel: BIOS-e820: [mem 0x0000000009602000-0x00000000097fffff] reserved
Nov 09 13:11:35 localhost kernel: BIOS-e820: [mem 0x0000000009800000-0x000000000a1fffff] usable
Nov 09 13:11:35 localhost kernel: BIOS-e820: [mem 0x000000000a200000-0x000000000a20afff] ACPI NVS
Nov 09 13:11:35 localhost kernel: BIOS-e820: [mem 0x000000000a20b000-0x000000003d5ebfff] usable
Nov 09 13:11:35 localhost kernel: BIOS-e820: [mem 0x000000003d5ec000-0x000000003d709fff] reserved
Nov 09 13:11:35 localhost kernel: BIOS-e820: [mem 0x000000003d70a000-0x000000003d8a9fff] usable
Nov 09 13:11:35 localhost kernel: BIOS-e820: [mem 0x000000003d8aa000-0x000000003dd35fff] ACPI NVS
Nov 09 13:11:35 localhost kernel: BIOS-e820: [mem 0x000000003dd36000-0x000000003e4dafff] reserved
Nov 09 13:11:35 localhost kernel: BIOS-e820: [mem 0x000000003e4db000-0x000000003e55ffff] type 20
Nov 09 13:11:35 localhost kernel: BIOS-e820: [mem 0x000000003e560000-0x000000003effffff] usable
Nov 09 13:11:35 localhost kernel: BIOS-e820: [mem 0x000000003f000000-0x000000003fffffff] reserved
Nov 09 13:11:35 localhost kernel: BIOS-e820: [mem 0x00000000f8000000-0x00000000fbffffff] reserved
Nov 09 13:11:35 localhost kernel: BIOS-e820: [mem 0x00000000fd000000-0x00000000ffffffff] reserved
Nov 09 13:11:35 localhost kernel: BIOS-e820: [mem 0x0000000100000000-0x000000047effffff] usable
Nov 09 13:11:35 localhost kernel: BIOS-e820: [mem 0x000000047f000000-0x00000004beffffff] reserved
Nov 09 13:11:35 localhost kernel: BIOS-e820: [mem 0x00000004bf000000-0x00000004bf33ffff] usable
Nov 09 13:11:35 localhost kernel: BIOS-e820: [mem 0x00000004bf340000-0x00000004bfffffff] reserved
Nov 09 13:11:35 localhost kernel: NX (Execute Disable) protection: active
Nov 09 13:11:35 localhost kernel: efi: EFI v2.70 by American Megatrends
Nov 09 13:11:35 localhost kernel: efi: ACPI 2.0=0x3dcb5000 ACPI=0x3dcb5000 SMBIOS=0x3e390000 SMBIOS 3.0=0x3e38f000 MEMATTR=0x3a4c7018 ESRT=0x3ce10298 
Nov 09 13:11:35 localhost kernel: SMBIOS 3.2.0 present.
Nov 09 13:11:35 localhost kernel: DMI: R&S IPSX4_TS_CMP/IPSX4_TS_CMP, BIOS 3.4 11/19/2021
Nov 09 13:11:35 localhost kernel: tsc: Fast TSC calibration using PIT
Nov 09 13:11:35 localhost kernel: tsc: Detected 3244.097 MHz processor
Nov 09 13:11:35 localhost kernel: e820: update [mem 0x00000000-0x00000fff] usable ==> reserved
Nov 09 13:11:35 localhost kernel: e820: remove [mem 0x000a0000-0x000fffff] usable
Nov 09 13:11:35 localhost kernel: last_pfn = 0x4bf340 max_arch_pfn = 0x400000000
Nov 09 13:11:35 localhost kernel: x86/PAT: Configuration [0-7]: WB  WC  UC- UC  WB  WP  UC- WT  
Nov 09 13:11:35 localhost kernel: e820: update [mem 0x40000000-0xffffffff] usable ==> reserved
Nov 09 13:11:35 localhost kernel: last_pfn = 0x3f000 max_arch_pfn = 0x400000000
Nov 09 13:11:35 localhost kernel: esrt: Reserving ESRT space from 0x000000003ce10298 to 0x000000003ce102d0.
Nov 09 13:11:35 localhost kernel: e820: update [mem 0x3ce10000-0x3ce10fff] usable ==> reserved
Nov 09 13:11:35 localhost kernel: Using GB pages for direct mapping
Nov 09 13:11:35 localhost kernel: Secure boot could not be determined
Nov 09 13:11:35 localhost kernel: ACPI: Early table checksum verification disabled
Nov 09 13:11:35 localhost kernel: ACPI: RSDP 0x000000003DCB5000 000024 (v02 ALASKA)
Nov 09 13:11:35 localhost kernel: ACPI: XSDT 0x000000003DCB5098 0000B4 (v01 ALASKA A M I    01072009 AMI  00010013)
Nov 09 13:11:35 localhost kernel: ACPI: FACP 0x000000003DCBD398 000114 (v06 ALASKA A M I    01072009 AMI  00010013)
Nov 09 13:11:35 localhost kernel: ACPI: DSDT 0x000000003DCB51E8 0081AA (v02 ALASKA A M I    01072009 INTL 20120913)
Nov 09 13:11:35 localhost kernel: ACPI: FACS 0x000000003DD1ED80 000040
Nov 09 13:11:35 localhost kernel: ACPI: APIC 0x000000003DCBD4B0 0000DE (v03 ALASKA A M I    01072009 AMI  00010013)
Nov 09 13:11:35 localhost kernel: ACPI: FPDT 0x000000003DCBD590 000044 (v01 ALASKA A M I    01072009 AMI  00010013)
Nov 09 13:11:35 localhost kernel: ACPI: FIDT 0x000000003DCBD5D8 00009C (v01 ALASKA A M I    01072009 AMI  00010013)
Nov 09 13:11:35 localhost kernel: ACPI: SSDT 0x000000003DCBD678 005419 (v02 AMD    AmdTable 00000002 MSFT 02000002)
Nov 09 13:11:35 localhost kernel: ACPI: MCFG 0x000000003DCC2A98 00003C (v01 ALASKA A M I    01072009 MSFT 00010013)
Nov 09 13:11:35 localhost kernel: ACPI: HPET 0x000000003DCC2AD8 000038 (v01 ALASKA A M I    01072009 AMI  00000005)
Nov 09 13:11:35 localhost kernel: ACPI: UEFI 0x000000003DCC2B10 000042 (v01 ALASKA A M I    00000002      01000013)
Nov 09 13:11:35 localhost kernel: ACPI: VFCT 0x000000003DCC2B58 00D484 (v01 ALASKA A M I    00000001 AMD  31504F47)
Nov 09 13:11:35 localhost kernel: ACPI: BGRT 0x000000003DCCFFE0 000038 (v01 ALASKA A M I    01072009 AMI  00010013)
Nov 09 13:11:35 localhost kernel: ACPI: CRAT 0x000000003DCD0018 000810 (v01 AMD    AMD CRAT 00000001 AMD  00000001)
Nov 09 13:11:35 localhost kernel: ACPI: CDIT 0x000000003DCD0828 000029 (v01 AMD    AMD CDIT 00000001 AMD  00000001)
Nov 09 13:11:35 localhost kernel: ACPI: SSDT 0x000000003DCD0858 000C77 (v01 AMD    AmdTable 00000001 INTL 20120913)
Nov 09 13:11:35 localhost kernel: ACPI: SSDT 0x000000003DCD14D0 0010A5 (v01 AMD    AmdTable 00000001 INTL 20120913)
Nov 09 13:11:35 localhost kernel: ACPI: SSDT 0x000000003DCD2578 002369 (v01 AMD    AmdTable 00000001 INTL 20120913)
Nov 09 13:11:35 localhost kernel: ACPI: SSDT 0x000000003DCD48E8 000E0C (v01 AMD    AMD CPU  00000001 AMD  00000001)
Nov 09 13:11:35 localhost kernel: ACPI: WSMT 0x000000003DCD56F8 000028 (v01 ALASKA A M I    01072009 AMI  00010013)
Nov 09 13:11:35 localhost kernel: ACPI: SSDT 0x000000003DCD5720 0002FE (v01 AMD    AmdTable 00000001 INTL 20120913)
Nov 09 13:11:35 localhost kernel: ACPI: Reserving FACP table memory at [mem 0x3dcbd398-0x3dcbd4ab]
Nov 09 13:11:35 localhost kernel: ACPI: Reserving DSDT table memory at [mem 0x3dcb51e8-0x3dcbd391]
Nov 09 13:11:35 localhost kernel: ACPI: Reserving FACS table memory at [mem 0x3dd1ed80-0x3dd1edbf]
Nov 09 13:11:35 localhost kernel: ACPI: Reserving APIC table memory at [mem 0x3dcbd4b0-0x3dcbd58d]
Nov 09 13:11:35 localhost kernel: ACPI: Reserving FPDT table memory at [mem 0x3dcbd590-0x3dcbd5d3]
Nov 09 13:11:35 localhost kernel: ACPI: Reserving FIDT table memory at [mem 0x3dcbd5d8-0x3dcbd673]
Nov 09 13:11:35 localhost kernel: ACPI: Reserving SSDT table memory at [mem 0x3dcbd678-0x3dcc2a90]
Nov 09 13:11:35 localhost kernel: ACPI: Reserving MCFG table memory at [mem 0x3dcc2a98-0x3dcc2ad3]
Nov 09 13:11:35 localhost kernel: ACPI: Reserving HPET table memory at [mem 0x3dcc2ad8-0x3dcc2b0f]
Nov 09 13:11:35 localhost kernel: ACPI: Reserving UEFI table memory at [mem 0x3dcc2b10-0x3dcc2b51]
Nov 09 13:11:35 localhost kernel: ACPI: Reserving VFCT table memory at [mem 0x3dcc2b58-0x3dccffdb]
Nov 09 13:11:35 localhost kernel: ACPI: Reserving BGRT table memory at [mem 0x3dccffe0-0x3dcd0017]
Nov 09 13:11:35 localhost kernel: ACPI: Reserving CRAT table memory at [mem 0x3dcd0018-0x3dcd0827]
Nov 09 13:11:35 localhost kernel: ACPI: Reserving CDIT table memory at [mem 0x3dcd0828-0x3dcd0850]
Nov 09 13:11:35 localhost kernel: ACPI: Reserving SSDT table memory at [mem 0x3dcd0858-0x3dcd14ce]
Nov 09 13:11:35 localhost kernel: ACPI: Reserving SSDT table memory at [mem 0x3dcd14d0-0x3dcd2574]
Nov 09 13:11:35 localhost kernel: ACPI: Reserving SSDT table memory at [mem 0x3dcd2578-0x3dcd48e0]
Nov 09 13:11:35 localhost kernel: ACPI: Reserving SSDT table memory at [mem 0x3dcd48e8-0x3dcd56f3]
Nov 09 13:11:35 localhost kernel: ACPI: Reserving WSMT table memory at [mem 0x3dcd56f8-0x3dcd571f]
Nov 09 13:11:35 localhost kernel: ACPI: Reserving SSDT table memory at [mem 0x3dcd5720-0x3dcd5a1d]
Nov 09 13:11:35 localhost kernel: Zone ranges:
Nov 09 13:11:35 localhost kernel:   DMA      [mem 0x0000000000001000-0x0000000000ffffff]
Nov 09 13:11:35 localhost kernel:   DMA32    [mem 0x0000000001000000-0x00000000ffffffff]
Nov 09 13:11:35 localhost kernel:   Normal   [mem 0x0000000100000000-0x00000004bf33ffff]
Nov 09 13:11:35 localhost kernel: Movable zone start for each node
Nov 09 13:11:35 localhost kernel: Early memory node ranges
Nov 09 13:11:35 localhost kernel:   node   0: [mem 0x0000000000001000-0x000000000009ffff]
Nov 09 13:11:35 localhost kernel:   node   0: [mem 0x0000000000100000-0x0000000009601fff]
Nov 09 13:11:35 localhost kernel:   node   0: [mem 0x0000000009800000-0x000000000a1fffff]
Nov 09 13:11:35 localhost kernel:   node   0: [mem 0x000000000a20b000-0x000000003d5ebfff]
Nov 09 13:11:35 localhost kernel:   node   0: [mem 0x000000003d70a000-0x000000003d8a9fff]
Nov 09 13:11:35 localhost kernel:   node   0: [mem 0x000000003e560000-0x000000003effffff]
Nov 09 13:11:35 localhost kernel:   node   0: [mem 0x0000000100000000-0x000000047effffff]
Nov 09 13:11:35 localhost kernel:   node   0: [mem 0x00000004bf000000-0x00000004bf33ffff]
Nov 09 13:11:35 localhost kernel: Initmem setup node 0 [mem 0x0000000000001000-0x00000004bf33ffff]
Nov 09 13:11:35 localhost kernel: On node 0, zone DMA: 1 pages in unavailable ranges
Nov 09 13:11:35 localhost kernel: On node 0, zone DMA: 96 pages in unavailable ranges
Nov 09 13:11:35 localhost kernel: On node 0, zone DMA32: 510 pages in unavailable ranges
Nov 09 13:11:35 localhost kernel: On node 0, zone DMA32: 11 pages in unavailable ranges
Nov 09 13:11:35 localhost kernel: On node 0, zone DMA32: 286 pages in unavailable ranges
Nov 09 13:11:35 localhost kernel: On node 0, zone DMA32: 3254 pages in unavailable ranges
Nov 09 13:11:35 localhost kernel: On node 0, zone Normal: 4096 pages in unavailable ranges
Nov 09 13:11:35 localhost kernel: On node 0, zone Normal: 32768 pages in unavailable ranges
Nov 09 13:11:35 localhost kernel: On node 0, zone Normal: 3264 pages in unavailable ranges
Nov 09 13:11:35 localhost kernel: ACPI: PM-Timer IO Port: 0x808
Nov 09 13:11:35 localhost kernel: ACPI: LAPIC_NMI (acpi_id[0xff] high edge lint[0x1])
Nov 09 13:11:35 localhost kernel: IOAPIC[0]: apic_id 9, version 33, address 0xfec00000, GSI 0-23
Nov 09 13:11:35 localhost kernel: IOAPIC[1]: apic_id 10, version 33, address 0xfec01000, GSI 24-55
Nov 09 13:11:35 localhost kernel: ACPI: INT_SRC_OVR (bus 0 bus_irq 0 global_irq 2 dfl dfl)
Nov 09 13:11:35 localhost kernel: ACPI: INT_SRC_OVR (bus 0 bus_irq 9 global_irq 9 low level)
Nov 09 13:11:35 localhost kernel: ACPI: Using ACPI (MADT) for SMP configuration information
Nov 09 13:11:35 localhost kernel: ACPI: HPET id: 0x10228201 base: 0xfed00000
Nov 09 13:11:35 localhost kernel: smpboot: Allowing 16 CPUs, 8 hotplug CPUs
Nov 09 13:11:35 localhost kernel: [mem 0x40000000-0xf7ffffff] available for PCI devices
Nov 09 13:11:35 localhost kernel: Booting paravirtualized kernel on bare hardware
Nov 09 13:11:35 localhost kernel: clocksource: refined-jiffies: mask: 0xffffffff max_cycles: 0xffffffff, max_idle_ns: 1910969940391419 ns
Nov 09 13:11:35 localhost kernel: setup_percpu: NR_CPUS:64 nr_cpumask_bits:64 nr_cpu_ids:16 nr_node_ids:1
Nov 09 13:11:35 localhost kernel: percpu: Embedded 54 pages/cpu s180504 r8192 d32488 u262144
Nov 09 13:11:35 localhost kernel: pcpu-alloc: s180504 r8192 d32488 u262144 alloc=1*2097152
Nov 09 13:11:35 localhost kernel: pcpu-alloc: [0] 00 01 02 03 04 05 06 07 [0] 08 09 10 11 12 13 14 15 
Nov 09 13:11:35 localhost kernel: Built 1 zonelists, mobility grouping on.  Total pages: 3859221
Nov 09 13:11:35 localhost kernel: Kernel command line: BOOT_IMAGE=/boot/vmlinuz root=/dev/sda2 video=eDP-1:d ro
Nov 09 13:11:35 localhost kernel: Unknown kernel command line parameters "BOOT_IMAGE=/boot/vmlinuz", will be passed to user space.
Nov 09 13:11:35 localhost kernel: Dentry cache hash table entries: 2097152 (order: 12, 16777216 bytes, linear)
Nov 09 13:11:35 localhost kernel: Inode-cache hash table entries: 1048576 (order: 11, 8388608 bytes, linear)
Nov 09 13:11:35 localhost kernel: mem auto-init: stack:off, heap alloc:on, heap free:off
Nov 09 13:11:35 localhost kernel: Memory: 15183700K/15682568K available (16394K kernel code, 2233K rwdata, 3844K rodata, 59100K init, 1996K bss, 498608K reserved, 0K cma-reserved)
Nov 09 13:11:35 localhost kernel: SLUB: HWalign=64, Order=0-3, MinObjects=0, CPUs=16, Nodes=1
Nov 09 13:11:35 localhost kernel: ftrace: allocating 47259 entries in 185 pages
Nov 09 13:11:35 localhost kernel: ftrace: allocated 185 pages with 5 groups
Nov 09 13:11:35 localhost kernel: rcu: Preemptible hierarchical RCU implementation.
Nov 09 13:11:35 localhost kernel: rcu:         RCU restricting CPUs from NR_CPUS=64 to nr_cpu_ids=16.
Nov 09 13:11:35 localhost kernel:         Trampoline variant of Tasks RCU enabled.
Nov 09 13:11:35 localhost kernel:         Rude variant of Tasks RCU enabled.
Nov 09 13:11:35 localhost kernel:         Tracing variant of Tasks RCU enabled.
Nov 09 13:11:35 localhost kernel: rcu: RCU calculated value of scheduler-enlistment delay is 100 jiffies.
Nov 09 13:11:35 localhost kernel: rcu: Adjusting geometry for rcu_fanout_leaf=16, nr_cpu_ids=16
Nov 09 13:11:35 localhost kernel: NR_IRQS: 4352, nr_irqs: 1096, preallocated irqs: 16
Nov 09 13:11:35 localhost kernel: rcu:         Offload RCU callbacks from CPUs: (none).
Nov 09 13:11:35 localhost kernel: Console: colour dummy device 80x25
Nov 09 13:11:35 localhost kernel: printk: console [tty0] enabled
Nov 09 13:11:35 localhost kernel: ACPI: Core revision 20210730
Nov 09 13:11:35 localhost kernel: clocksource: hpet: mask: 0xffffffff max_cycles: 0xffffffff, max_idle_ns: 133484873504 ns
Nov 09 13:11:35 localhost kernel: APIC: Switch to symmetric I/O mode setup
Nov 09 13:11:35 localhost kernel: Switched APIC routing to physical flat.
Nov 09 13:11:35 localhost kernel: ..TIMER: vector=0x30 apic1=0 pin1=2 apic2=-1 pin2=-1
Nov 09 13:11:35 localhost kernel: clocksource: tsc-early: mask: 0xffffffffffffffff max_cycles: 0x2ec302a148e, max_idle_ns: 440795295306 ns
Nov 09 13:11:35 localhost kernel: Calibrating delay loop (skipped), value calculated using timer frequency.. 6488.19 BogoMIPS (lpj=3244097)
Nov 09 13:11:35 localhost kernel: pid_max: default: 32768 minimum: 301
Nov 09 13:11:35 localhost kernel: Mount-cache hash table entries: 32768 (order: 6, 262144 bytes, linear)
Nov 09 13:11:35 localhost kernel: Mountpoint-cache hash table entries: 32768 (order: 6, 262144 bytes, linear)
Nov 09 13:11:35 localhost kernel: LVT offset 1 assigned for vector 0xf9
Nov 09 13:11:35 localhost kernel: LVT offset 2 assigned for vector 0xf4
Nov 09 13:11:35 localhost kernel: Last level iTLB entries: 4KB 1024, 2MB 1024, 4MB 512
Nov 09 13:11:35 localhost kernel: Last level dTLB entries: 4KB 1536, 2MB 1536, 4MB 768, 1GB 0
Nov 09 13:11:35 localhost kernel: Spectre V1 : Mitigation: usercopy/swapgs barriers and __user pointer sanitization
Nov 09 13:11:35 localhost kernel: Spectre V2 : Kernel not compiled with retpoline; no mitigation available!
Nov 09 13:11:35 localhost kernel: Spectre V2 : Vulnerable
Nov 09 13:11:35 localhost kernel: Spectre V2 : Spectre v2 / SpectreRSB mitigation: Filling RSB on context switch
Nov 09 13:11:35 localhost kernel: Spectre V2 : Enabling Speculation Barrier for firmware calls
Nov 09 13:11:35 localhost kernel: RETBleed: Vulnerable
Nov 09 13:11:35 localhost kernel: Spectre V2 : mitigation: Enabling conditional Indirect Branch Prediction Barrier
Nov 09 13:11:35 localhost kernel: Speculative Store Bypass: Mitigation: Speculative Store Bypass disabled via prctl and seccomp
Nov 09 13:11:35 localhost kernel: Freeing SMP alternatives memory: 44K
Nov 09 13:11:35 localhost kernel: smpboot: CPU0: AMD Ryzen Embedded V1756B with Radeon Vega Gfx (family: 0x17, model: 0x11, stepping: 0x0)
Nov 09 13:11:35 localhost kernel: Performance Events: Fam17h+ core perfctr, AMD PMU driver.
Nov 09 13:11:35 localhost kernel: ... version:                0
Nov 09 13:11:35 localhost kernel: ... bit width:              48
Nov 09 13:11:35 localhost kernel: ... generic registers:      6
Nov 09 13:11:35 localhost kernel: ... value mask:             0000ffffffffffff
Nov 09 13:11:35 localhost kernel: ... max period:             00007fffffffffff
Nov 09 13:11:35 localhost kernel: ... fixed-purpose events:   0
Nov 09 13:11:35 localhost kernel: ... event mask:             000000000000003f
Nov 09 13:11:35 localhost kernel: rcu: Hierarchical SRCU implementation.
Nov 09 13:11:35 localhost kernel: smp: Bringing up secondary CPUs ...
Nov 09 13:11:35 localhost kernel: x86: Booting SMP configuration:
Nov 09 13:11:35 localhost kernel: .... node  #0, CPUs:        #1  #2  #3  #4  #5  #6  #7
Nov 09 13:11:35 localhost kernel: smp: Brought up 1 node, 8 CPUs
Nov 09 13:11:35 localhost kernel: smpboot: Max logical packages: 2
Nov 09 13:11:35 localhost kernel: smpboot: Total of 8 processors activated (51905.55 BogoMIPS)
Nov 09 13:11:35 localhost kernel: devtmpfs: initialized
Nov 09 13:11:35 localhost kernel: ACPI: PM: Registering ACPI NVS region [mem 0x0a200000-0x0a20afff] (45056 bytes)
Nov 09 13:11:35 localhost kernel: ACPI: PM: Registering ACPI NVS region [mem 0x3d8aa000-0x3dd35fff] (4767744 bytes)
Nov 09 13:11:35 localhost kernel: clocksource: jiffies: mask: 0xffffffff max_cycles: 0xffffffff, max_idle_ns: 1911260446275000 ns
Nov 09 13:11:35 localhost kernel: futex hash table entries: 4096 (order: 6, 262144 bytes, linear)
Nov 09 13:11:35 localhost kernel: NET: Registered PF_NETLINK/PF_ROUTE protocol family
Nov 09 13:11:35 localhost kernel: audit: initializing netlink subsys (disabled)
Nov 09 13:11:35 localhost kernel: audit: type=2000 audit(1699535493.145:1): state=initialized audit_enabled=0 res=1
Nov 09 13:11:35 localhost kernel: thermal_sys: Registered thermal governor 'step_wise'
Nov 09 13:11:35 localhost kernel: thermal_sys: Registered thermal governor 'user_space'
Nov 09 13:11:35 localhost kernel: cpuidle: using governor menu
Nov 09 13:11:35 localhost kernel: ACPI: bus type PCI registered
Nov 09 13:11:35 localhost kernel: PCI: MMCONFIG for domain 0000 [bus 00-3f] at [mem 0xf8000000-0xfbffffff] (base 0xf8000000)
Nov 09 13:11:35 localhost kernel: PCI: MMCONFIG at [mem 0xf8000000-0xfbffffff] reserved in E820
Nov 09 13:11:35 localhost kernel: PCI: Using configuration type 1 for base access
Nov 09 13:11:35 localhost kernel: Kprobes globally optimized
Nov 09 13:11:35 localhost kernel: raid6: skip pq benchmark and using algorithm avx2x4
Nov 09 13:11:35 localhost kernel: raid6: using avx2x2 recovery algorithm
Nov 09 13:11:35 localhost kernel: ACPI: Added _OSI(Module Device)
Nov 09 13:11:35 localhost kernel: ACPI: Added _OSI(Processor Device)
Nov 09 13:11:35 localhost kernel: ACPI: Added _OSI(3.0 _SCP Extensions)
Nov 09 13:11:35 localhost kernel: ACPI: Added _OSI(Processor Aggregator Device)
Nov 09 13:11:35 localhost kernel: ACPI: Added _OSI(Linux-Dell-Video)
Nov 09 13:11:35 localhost kernel: ACPI: Added _OSI(Linux-Lenovo-NV-HDMI-Audio)
Nov 09 13:11:35 localhost kernel: ACPI: Added _OSI(Linux-HPI-Hybrid-Graphics)
Nov 09 13:11:35 localhost kernel: ACPI: 7 ACPI AML tables successfully acquired and loaded
Nov 09 13:11:35 localhost kernel: ACPI: [Firmware Bug]: BIOS _OSI(Linux) query ignored
Nov 09 13:11:35 localhost kernel: ACPI: Interpreter enabled
Nov 09 13:11:35 localhost kernel: ACPI: PM: (supports S0 S3 S5)
Nov 09 13:11:35 localhost kernel: ACPI: Using IOAPIC for interrupt routing
Nov 09 13:11:35 localhost kernel: PCI: Using host bridge windows from ACPI; if necessary, use "pci=nocrs" and report a bug
Nov 09 13:11:35 localhost kernel: ACPI: Enabled 2 GPEs in block 00 to 1F
Nov 09 13:11:35 localhost kernel: ACPI: PM: Power Resource [P0ST]
Nov 09 13:11:35 localhost kernel: ACPI: PM: Power Resource [P3ST]
Nov 09 13:11:35 localhost kernel: ACPI: PCI Root Bridge [PCI0] (domain 0000 [bus 00-ff])
Nov 09 13:11:35 localhost kernel: acpi PNP0A08:00: _OSC: OS supports [ExtendedConfig ASPM ClockPM Segments MSI HPX-Type3]
Nov 09 13:11:35 localhost kernel: acpi PNP0A08:00: _OSC: platform does not support [LTR]
Nov 09 13:11:35 localhost kernel: acpi PNP0A08:00: _OSC: OS now controls [PME AER PCIeCapability]
Nov 09 13:11:35 localhost kernel: acpi PNP0A08:00: [Firmware Info]: MMCONFIG for domain 0000 [bus 00-3f] only partially covers this bridge
Nov 09 13:11:35 localhost kernel: PCI host bridge to bus 0000:00
Nov 09 13:11:35 localhost kernel: pci_bus 0000:00: root bus resource [io  0x0000-0x03af window]
Nov 09 13:11:35 localhost kernel: pci_bus 0000:00: root bus resource [io  0x03e0-0x0cf7 window]
Nov 09 13:11:35 localhost kernel: pci_bus 0000:00: root bus resource [io  0x03b0-0x03df window]
Nov 09 13:11:35 localhost kernel: pci_bus 0000:00: root bus resource [io  0x0d00-0xffff window]
Nov 09 13:11:35 localhost kernel: pci_bus 0000:00: root bus resource [mem 0x000a0000-0x000bffff window]
Nov 09 13:11:35 localhost kernel: pci_bus 0000:00: root bus resource [mem 0x000c0000-0x000dffff window]
Nov 09 13:11:35 localhost kernel: pci_bus 0000:00: root bus resource [mem 0x40000000-0xfebfffff window]
Nov 09 13:11:35 localhost kernel: pci_bus 0000:00: root bus resource [mem 0xfee00000-0xffffffff window]
Nov 09 13:11:35 localhost kernel: pci_bus 0000:00: root bus resource [bus 00-ff]
Nov 09 13:11:35 localhost kernel: pci 0000:00:00.0: [1022:15d0] type 00 class 0x060000
Nov 09 13:11:35 localhost kernel: pci 0000:00:01.0: [1022:1452] type 00 class 0x060000
Nov 09 13:11:35 localhost kernel: pci 0000:00:01.1: [1022:15d3] type 01 class 0x060400
Nov 09 13:11:35 localhost kernel: pci 0000:00:01.1: enabling Extended Tags
Nov 09 13:11:35 localhost kernel: pci 0000:00:01.1: PME# supported from D0 D3hot D3cold
Nov 09 13:11:35 localhost kernel: pci 0000:00:01.3: [1022:15d3] type 01 class 0x060400
Nov 09 13:11:35 localhost kernel: pci 0000:00:01.3: enabling Extended Tags
Nov 09 13:11:35 localhost kernel: pci 0000:00:01.3: PME# supported from D0 D3hot D3cold
Nov 09 13:11:35 localhost kernel: pci 0000:00:01.5: [1022:15d3] type 01 class 0x060400
Nov 09 13:11:35 localhost kernel: pci 0000:00:01.5: PME# supported from D0 D3hot D3cold
Nov 09 13:11:35 localhost kernel: pci 0000:00:08.0: [1022:1452] type 00 class 0x060000
Nov 09 13:11:35 localhost kernel: pci 0000:00:08.1: [1022:15db] type 01 class 0x060400
Nov 09 13:11:35 localhost kernel: pci 0000:00:08.1: enabling Extended Tags
Nov 09 13:11:35 localhost kernel: pci 0000:00:08.1: PME# supported from D0 D3hot D3cold
Nov 09 13:11:35 localhost kernel: pci 0000:00:08.2: [1022:15dc] type 01 class 0x060400
Nov 09 13:11:35 localhost kernel: pci 0000:00:08.2: enabling Extended Tags
Nov 09 13:11:35 localhost kernel: pci 0000:00:08.2: PME# supported from D0 D3hot D3cold
Nov 09 13:11:35 localhost kernel: pci 0000:00:14.0: [1022:790b] type 00 class 0x0c0500
Nov 09 13:11:35 localhost kernel: pci 0000:00:14.3: [1022:790e] type 00 class 0x060100
Nov 09 13:11:35 localhost kernel: pci 0000:00:18.0: [1022:15e8] type 00 class 0x060000
Nov 09 13:11:35 localhost kernel: pci 0000:00:18.1: [1022:15e9] type 00 class 0x060000
Nov 09 13:11:35 localhost kernel: pci 0000:00:18.2: [1022:15ea] type 00 class 0x060000
Nov 09 13:11:35 localhost kernel: pci 0000:00:18.3: [1022:15eb] type 00 class 0x060000
Nov 09 13:11:35 localhost kernel: pci 0000:00:18.4: [1022:15ec] type 00 class 0x060000
Nov 09 13:11:35 localhost kernel: pci 0000:00:18.5: [1022:15ed] type 00 class 0x060000
Nov 09 13:11:35 localhost kernel: pci 0000:00:18.6: [1022:15ee] type 00 class 0x060000
Nov 09 13:11:35 localhost kernel: pci 0000:00:18.7: [1022:15ef] type 00 class 0x060000
Nov 09 13:11:35 localhost kernel: pci 0000:01:00.0: [11f8:8563] type 01 class 0x060400
Nov 09 13:11:35 localhost kernel: pci 0000:01:00.0: enabling Extended Tags
Nov 09 13:11:35 localhost kernel: pci 0000:01:00.0: PME# supported from D0 D3hot D3cold
Nov 09 13:11:35 localhost kernel: pci 0000:01:00.0: 63.008 Gb/s available PCIe bandwidth, limited by 8.0 GT/s PCIe x8 link at 0000:00:01.1 (capable of 126.016 Gb/s with 8.0 GT/s PCIe x16 link)
Nov 09 13:11:35 localhost kernel: pci 0000:01:00.1: [11f8:8563] type 00 class 0x058000
Nov 09 13:11:35 localhost kernel: pci 0000:01:00.1: reg 0x10: [mem 0x78c00000-0x78ffffff 64bit pref]
Nov 09 13:11:35 localhost kernel: pci 0000:01:00.1: enabling Extended Tags
Nov 09 13:11:35 localhost kernel: pci 0000:01:00.1: PME# supported from D0 D3hot D3cold
Nov 09 13:11:35 localhost kernel: pci 0000:00:01.1: PCI bridge to [bus 01-0c]
Nov 09 13:11:35 localhost kernel: pci 0000:00:01.1:   bridge window [mem 0x80000000-0xf21fffff]
Nov 09 13:11:35 localhost kernel: pci 0000:00:01.1:   bridge window [mem 0x54000000-0x78ffffff 64bit pref]
Nov 09 13:11:35 localhost kernel: pci 0000:02:00.0: [11f8:8563] type 01 class 0x060400
Nov 09 13:11:35 localhost kernel: pci 0000:02:00.0: enabling Extended Tags
Nov 09 13:11:35 localhost kernel: pci 0000:02:00.0: PME# supported from D0 D3hot D3cold
Nov 09 13:11:35 localhost kernel: pci 0000:02:01.0: [11f8:8563] type 01 class 0x060400
Nov 09 13:11:35 localhost kernel: pci 0000:02:01.0: enabling Extended Tags
Nov 09 13:11:35 localhost kernel: pci 0000:02:01.0: PME# supported from D0 D3hot D3cold
Nov 09 13:11:35 localhost kernel: pci 0000:02:02.0: [11f8:8563] type 01 class 0x060400
Nov 09 13:11:35 localhost kernel: pci 0000:02:02.0: enabling Extended Tags
Nov 09 13:11:35 localhost kernel: pci 0000:02:02.0: PME# supported from D0 D3hot D3cold
Nov 09 13:11:35 localhost kernel: pci 0000:02:03.0: [11f8:8563] type 01 class 0x060400
Nov 09 13:11:35 localhost kernel: pci 0000:02:03.0: enabling Extended Tags
Nov 09 13:11:35 localhost kernel: pci 0000:02:03.0: PME# supported from D0 D3hot D3cold
Nov 09 13:11:35 localhost kernel: pci 0000:02:04.0: [11f8:8563] type 01 class 0x060400
Nov 09 13:11:35 localhost kernel: pci 0000:02:04.0: enabling Extended Tags
Nov 09 13:11:35 localhost kernel: pci 0000:02:04.0: PME# supported from D0 D3hot D3cold
Nov 09 13:11:35 localhost kernel: pci 0000:02:05.0: [11f8:8563] type 01 class 0x060400
Nov 09 13:11:35 localhost kernel: pci 0000:02:05.0: enabling Extended Tags
Nov 09 13:11:35 localhost kernel: pci 0000:02:05.0: PME# supported from D0 D3hot D3cold
Nov 09 13:11:35 localhost kernel: pci 0000:02:06.0: [11f8:8563] type 01 class 0x060400
Nov 09 13:11:35 localhost kernel: pci 0000:02:06.0: enabling Extended Tags
Nov 09 13:11:35 localhost kernel: pci 0000:02:06.0: PME# supported from D0 D3hot D3cold
Nov 09 13:11:35 localhost kernel: pci 0000:02:07.0: [11f8:8563] type 01 class 0x060400
Nov 09 13:11:35 localhost kernel: pci 0000:02:07.0: enabling Extended Tags
Nov 09 13:11:35 localhost kernel: pci 0000:02:07.0: PME# supported from D0 D3hot D3cold
Nov 09 13:11:35 localhost kernel: pci 0000:02:08.0: [11f8:8563] type 01 class 0x060400
Nov 09 13:11:35 localhost kernel: pci 0000:02:08.0: enabling Extended Tags
Nov 09 13:11:35 localhost kernel: pci 0000:02:08.0: PME# supported from D0 D3hot D3cold
Nov 09 13:11:35 localhost kernel: pci 0000:02:09.0: [11f8:8563] type 01 class 0x060400
Nov 09 13:11:35 localhost kernel: pci 0000:02:09.0: enabling Extended Tags
Nov 09 13:11:35 localhost kernel: pci 0000:02:09.0: PME# supported from D0 D3hot D3cold
Nov 09 13:11:35 localhost kernel: pci 0000:01:00.0: PCI bridge to [bus 02-0c]
Nov 09 13:11:35 localhost kernel: pci 0000:01:00.0:   bridge window [mem 0x80000000-0xf21fffff]
Nov 09 13:11:35 localhost kernel: pci 0000:01:00.0:   bridge window [mem 0x54000000-0x788fffff 64bit pref]
Nov 09 13:11:35 localhost kernel: pci 0000:03:00.0: [162f:14a5] type 00 class 0x058000
Nov 09 13:11:35 localhost kernel: pci 0000:03:00.0: reg 0x10: [mem 0x74000000-0x77ffffff 64bit pref]
Nov 09 13:11:35 localhost kernel: pci 0000:03:00.0: reg 0x18: [mem 0x70000000-0x73ffffff 64bit pref]
Nov 09 13:11:35 localhost kernel: pci 0000:03:00.0: reg 0x20: [mem 0x6c000000-0x6fffffff 64bit pref]
Nov 09 13:11:35 localhost kernel: pci 0000:03:00.0: PME# supported from D0 D1 D2 D3hot
Nov 09 13:11:35 localhost kernel: pci 0000:02:00.0: PCI bridge to [bus 03]
Nov 09 13:11:35 localhost kernel: pci 0000:02:00.0:   bridge window [mem 0x6c000000-0x77ffffff 64bit pref]
Nov 09 13:11:35 localhost kernel: pci 0000:04:00.0: [162f:14a5] type 00 class 0x058000
Nov 09 13:11:35 localhost kernel: pci 0000:04:00.0: reg 0x10: [mem 0x68000000-0x6bffffff 64bit pref]
Nov 09 13:11:35 localhost kernel: pci 0000:04:00.0: reg 0x18: [mem 0x64000000-0x67ffffff 64bit pref]
Nov 09 13:11:35 localhost kernel: pci 0000:04:00.0: reg 0x20: [mem 0x60000000-0x63ffffff 64bit pref]
Nov 09 13:11:35 localhost kernel: pci 0000:04:00.0: PME# supported from D0 D1 D2 D3hot
Nov 09 13:11:35 localhost kernel: pci 0000:02:01.0: PCI bridge to [bus 04]
Nov 09 13:11:35 localhost kernel: pci 0000:02:01.0:   bridge window [mem 0x60000000-0x6bffffff 64bit pref]
Nov 09 13:11:35 localhost kernel: pci 0000:05:00.0: [162f:14aa] type 00 class 0x058000
Nov 09 13:11:35 localhost kernel: pci 0000:05:00.0: reg 0x10: [mem 0xf1000000-0xf1ffffff 64bit]
Nov 09 13:11:35 localhost kernel: pci 0000:05:00.0: reg 0x18: [mem 0xe0000000-0xefffffff 64bit]
Nov 09 13:11:35 localhost kernel: pci 0000:05:00.0: reg 0x20: [mem 0xf0000000-0xf0ffffff 64bit]
Nov 09 13:11:35 localhost kernel: pci 0000:05:00.0: enabling Extended Tags
Nov 09 13:11:35 localhost kernel: pci 0000:05:00.0: 31.504 Gb/s available PCIe bandwidth, limited by 8.0 GT/s PCIe x4 link at 0000:02:02.0 (capable of 63.008 Gb/s with 8.0 GT/s PCIe x8 link)
Nov 09 13:11:35 localhost kernel: pci 0000:02:02.0: PCI bridge to [bus 05]
Nov 09 13:11:35 localhost kernel: pci 0000:02:02.0:   bridge window [mem 0xe0000000-0xf1ffffff]
Nov 09 13:11:35 localhost kernel: pci 0000:06:00.0: [162f:14a5] type 00 class 0x058000
Nov 09 13:11:35 localhost kernel: pci 0000:06:00.0: reg 0x10: [mem 0x5c000000-0x5fffffff 64bit pref]
Nov 09 13:11:35 localhost kernel: pci 0000:06:00.0: reg 0x18: [mem 0x58000000-0x5bffffff 64bit pref]
Nov 09 13:11:35 localhost kernel: pci 0000:06:00.0: reg 0x20: [mem 0x54000000-0x57ffffff 64bit pref]
Nov 09 13:11:35 localhost kernel: pci 0000:06:00.0: PME# supported from D0 D1 D2 D3hot
Nov 09 13:11:35 localhost kernel: pci 0000:02:03.0: PCI bridge to [bus 06]
Nov 09 13:11:35 localhost kernel: pci 0000:02:03.0:   bridge window [mem 0x54000000-0x5fffffff 64bit pref]
Nov 09 13:11:35 localhost kernel: pci 0000:07:00.0: [162f:14aa] type 00 class 0x058000
Nov 09 13:11:35 localhost kernel: pci 0000:07:00.0: reg 0x10: [mem 0xd1000000-0xd1ffffff 64bit]
Nov 09 13:11:35 localhost kernel: pci 0000:07:00.0: reg 0x18: [mem 0xc0000000-0xcfffffff 64bit]
Nov 09 13:11:35 localhost kernel: pci 0000:07:00.0: reg 0x20: [mem 0xd0000000-0xd0ffffff 64bit]
Nov 09 13:11:35 localhost kernel: pci 0000:07:00.0: enabling Extended Tags
Nov 09 13:11:35 localhost kernel: pci 0000:07:00.0: 31.504 Gb/s available PCIe bandwidth, limited by 8.0 GT/s PCIe x4 link at 0000:02:04.0 (capable of 63.008 Gb/s with 8.0 GT/s PCIe x8 link)
Nov 09 13:11:35 localhost kernel: pci 0000:02:04.0: PCI bridge to [bus 07]
Nov 09 13:11:35 localhost kernel: pci 0000:02:04.0:   bridge window [mem 0xc0000000-0xd1ffffff]
Nov 09 13:11:35 localhost kernel: pci 0000:08:00.0: [8086:1580] type 00 class 0x020000
Nov 09 13:11:35 localhost kernel: pci 0000:08:00.0: reg 0x10: [mem 0x78000000-0x787fffff 64bit pref]
Nov 09 13:11:35 localhost kernel: pci 0000:08:00.0: reg 0x1c: [mem 0x78800000-0x78807fff 64bit pref]
Nov 09 13:11:35 localhost kernel: pci 0000:08:00.0: reg 0x30: [mem 0xf2100000-0xf217ffff pref]
Nov 09 13:11:35 localhost kernel: pci 0000:08:00.0: enabling Extended Tags
Nov 09 13:11:35 localhost kernel: pci 0000:08:00.0: PME# supported from D0 D3hot
Nov 09 13:11:35 localhost kernel: pci 0000:08:00.0: reg 0x184: [mem 0x00000000-0x0000ffff 64bit pref]
Nov 09 13:11:35 localhost kernel: pci 0000:08:00.0: VF(n) BAR0 space: [mem 0x00000000-0x007fffff 64bit pref] (contains BAR0 for 128 VFs)
Nov 09 13:11:35 localhost kernel: pci 0000:08:00.0: reg 0x190: [mem 0x00000000-0x00003fff 64bit pref]
Nov 09 13:11:35 localhost kernel: pci 0000:08:00.0: VF(n) BAR3 space: [mem 0x00000000-0x001fffff 64bit pref] (contains BAR3 for 128 VFs)
Nov 09 13:11:35 localhost kernel: pci 0000:02:05.0: PCI bridge to [bus 08]
Nov 09 13:11:35 localhost kernel: pci 0000:02:05.0:   bridge window [mem 0xf2100000-0xf21fffff]
Nov 09 13:11:35 localhost kernel: pci 0000:02:05.0:   bridge window [mem 0x78000000-0x788fffff 64bit pref]
Nov 09 13:11:35 localhost kernel: pci 0000:09:00.0: [162f:14b1] type 00 class 0x058000
Nov 09 13:11:35 localhost kernel: pci 0000:09:00.0: reg 0x10: [mem 0xb1000000-0xb1ffffff 64bit]
Nov 09 13:11:35 localhost kernel: pci 0000:09:00.0: reg 0x18: [mem 0xa0000000-0xafffffff 64bit]
Nov 09 13:11:35 localhost kernel: pci 0000:09:00.0: reg 0x20: [mem 0xb0000000-0xb0ffffff 64bit]
Nov 09 13:11:35 localhost kernel: pci 0000:09:00.0: enabling Extended Tags
Nov 09 13:11:35 localhost kernel: pci 0000:09:00.0: 31.504 Gb/s available PCIe bandwidth, limited by 8.0 GT/s PCIe x4 link at 0000:02:06.0 (capable of 63.008 Gb/s with 8.0 GT/s PCIe x8 link)
Nov 09 13:11:35 localhost kernel: pci 0000:02:06.0: PCI bridge to [bus 09]
Nov 09 13:11:35 localhost kernel: pci 0000:02:06.0:   bridge window [mem 0xa0000000-0xb1ffffff]
Nov 09 13:11:35 localhost kernel: pci 0000:0a:00.0: [162f:14b1] type 00 class 0x058000
Nov 09 13:11:35 localhost kernel: pci 0000:0a:00.0: reg 0x10: [mem 0x91000000-0x91ffffff 64bit]
Nov 09 13:11:35 localhost kernel: pci 0000:0a:00.0: reg 0x18: [mem 0x80000000-0x8fffffff 64bit]
Nov 09 13:11:35 localhost kernel: pci 0000:0a:00.0: reg 0x20: [mem 0x90000000-0x90ffffff 64bit]
Nov 09 13:11:35 localhost kernel: pci 0000:0a:00.0: enabling Extended Tags
Nov 09 13:11:35 localhost kernel: pci 0000:0a:00.0: 31.504 Gb/s available PCIe bandwidth, limited by 8.0 GT/s PCIe x4 link at 0000:02:07.0 (capable of 63.008 Gb/s with 8.0 GT/s PCIe x8 link)
Nov 09 13:11:35 localhost kernel: pci 0000:02:07.0: PCI bridge to [bus 0a]
Nov 09 13:11:35 localhost kernel: pci 0000:02:07.0:   bridge window [mem 0x80000000-0x91ffffff]
Nov 09 13:11:35 localhost kernel: pci 0000:02:08.0: PCI bridge to [bus 0b]
Nov 09 13:11:35 localhost kernel: pci 0000:02:09.0: PCI bridge to [bus 0c]
Nov 09 13:11:35 localhost kernel: pci 0000:0d:00.0: [8086:1539] type 00 class 0x020000
Nov 09 13:11:35 localhost kernel: pci 0000:0d:00.0: reg 0x10: [mem 0xf2900000-0xf291ffff]
Nov 09 13:11:35 localhost kernel: pci 0000:0d:00.0: reg 0x18: [io  0xf000-0xf01f]
Nov 09 13:11:35 localhost kernel: pci 0000:0d:00.0: reg 0x1c: [mem 0xf2920000-0xf2923fff]
Nov 09 13:11:35 localhost kernel: pci 0000:0d:00.0: PME# supported from D0 D3hot D3cold
Nov 09 13:11:35 localhost kernel: pci 0000:00:01.3: PCI bridge to [bus 0d]
Nov 09 13:11:35 localhost kernel: pci 0000:00:01.3:   bridge window [io  0xf000-0xffff]
Nov 09 13:11:35 localhost kernel: pci 0000:00:01.3:   bridge window [mem 0xf2900000-0xf29fffff]
Nov 09 13:11:35 localhost kernel: pci 0000:0e:00.0: [162f:14a4] type 00 class 0x078000
Nov 09 13:11:35 localhost kernel: pci 0000:0e:00.0: reg 0x10: [mem 0x79100000-0x7913ffff 64bit pref]
Nov 09 13:11:35 localhost kernel: pci 0000:00:01.5: PCI bridge to [bus 0e]
Nov 09 13:11:35 localhost kernel: pci 0000:00:01.5:   bridge window [mem 0x79100000-0x791fffff 64bit pref]
Nov 09 13:11:35 localhost kernel: pci 0000:0f:00.0: [1002:15dd] type 00 class 0x030000
Nov 09 13:11:35 localhost kernel: pci 0000:0f:00.0: reg 0x10: [mem 0x40000000-0x4fffffff 64bit pref]
Nov 09 13:11:35 localhost kernel: pci 0000:0f:00.0: reg 0x18: [mem 0x50000000-0x501fffff 64bit pref]
Nov 09 13:11:35 localhost kernel: pci 0000:0f:00.0: reg 0x20: [io  0xe000-0xe0ff]
Nov 09 13:11:35 localhost kernel: pci 0000:0f:00.0: reg 0x24: [mem 0xf2700000-0xf277ffff]
Nov 09 13:11:35 localhost kernel: pci 0000:0f:00.0: enabling Extended Tags
Nov 09 13:11:35 localhost kernel: pci 0000:0f:00.0: BAR 0: assigned to efifb
Nov 09 13:11:35 localhost kernel: pci 0000:0f:00.0: PME# supported from D1 D2 D3hot D3cold
Nov 09 13:11:35 localhost kernel: pci 0000:0f:00.1: [1002:15de] type 00 class 0x040300
Nov 09 13:11:35 localhost kernel: pci 0000:0f:00.1: reg 0x10: [mem 0xf27c8000-0xf27cbfff]
Nov 09 13:11:35 localhost kernel: pci 0000:0f:00.1: enabling Extended Tags
Nov 09 13:11:35 localhost kernel: pci 0000:0f:00.1: PME# supported from D1 D2 D3hot D3cold
Nov 09 13:11:35 localhost kernel: pci 0000:0f:00.2: [1022:15df] type 00 class 0x108000
Nov 09 13:11:35 localhost kernel: pci 0000:0f:00.2: reg 0x18: [mem 0xf2600000-0xf26fffff]
Nov 09 13:11:35 localhost kernel: pci 0000:0f:00.2: reg 0x24: [mem 0xf27ce000-0xf27cffff]
Nov 09 13:11:35 localhost kernel: pci 0000:0f:00.2: enabling Extended Tags
Nov 09 13:11:35 localhost kernel: pci 0000:0f:00.3: [1022:15e0] type 00 class 0x0c0330
Nov 09 13:11:35 localhost kernel: pci 0000:0f:00.3: reg 0x10: [mem 0xf2500000-0xf25fffff 64bit]
Nov 09 13:11:35 localhost kernel: pci 0000:0f:00.3: enabling Extended Tags
Nov 09 13:11:35 localhost kernel: pci 0000:0f:00.3: PME# supported from D0 D3hot D3cold
Nov 09 13:11:35 localhost kernel: pci 0000:0f:00.4: [1022:15e1] type 00 class 0x0c0330
Nov 09 13:11:35 localhost kernel: pci 0000:0f:00.4: reg 0x10: [mem 0xf2400000-0xf24fffff 64bit]
Nov 09 13:11:35 localhost kernel: pci 0000:0f:00.4: enabling Extended Tags
Nov 09 13:11:35 localhost kernel: pci 0000:0f:00.4: PME# supported from D0 D3hot D3cold
Nov 09 13:11:35 localhost kernel: pci 0000:0f:00.5: [1022:15e2] type 00 class 0x048000
Nov 09 13:11:35 localhost kernel: pci 0000:0f:00.5: reg 0x10: [mem 0xf2780000-0xf27bffff]
Nov 09 13:11:35 localhost kernel: pci 0000:0f:00.5: enabling Extended Tags
Nov 09 13:11:35 localhost kernel: pci 0000:0f:00.5: PME# supported from D0 D3hot D3cold
Nov 09 13:11:35 localhost kernel: pci 0000:0f:00.6: [1022:15e3] type 00 class 0x040300
Nov 09 13:11:35 localhost kernel: pci 0000:0f:00.6: reg 0x10: [mem 0xf27c0000-0xf27c7fff]
Nov 09 13:11:35 localhost kernel: pci 0000:0f:00.6: enabling Extended Tags
Nov 09 13:11:35 localhost kernel: pci 0000:0f:00.6: PME# supported from D0 D3hot D3cold
Nov 09 13:11:35 localhost kernel: pci 0000:0f:00.7: [1022:15e6] type 00 class 0x000000
Nov 09 13:11:35 localhost kernel: pci 0000:0f:00.7: reg 0x18: [mem 0xf2300000-0xf23fffff]
Nov 09 13:11:35 localhost kernel: pci 0000:0f:00.7: reg 0x24: [mem 0xf27cc000-0xf27cdfff]
Nov 09 13:11:35 localhost kernel: pci 0000:0f:00.7: enabling Extended Tags
Nov 09 13:11:35 localhost kernel: pci 0000:00:08.1: PCI bridge to [bus 0f]
Nov 09 13:11:35 localhost kernel: pci 0000:00:08.1:   bridge window [io  0xe000-0xefff]
Nov 09 13:11:35 localhost kernel: pci 0000:00:08.1:   bridge window [mem 0xf2300000-0xf27fffff]
Nov 09 13:11:35 localhost kernel: pci 0000:00:08.1:   bridge window [mem 0x40000000-0x501fffff 64bit pref]
Nov 09 13:11:35 localhost kernel: pci 0000:10:00.0: [1022:7901] type 00 class 0x010601
Nov 09 13:11:35 localhost kernel: pci 0000:10:00.0: reg 0x24: [mem 0xf2800000-0xf28007ff]
Nov 09 13:11:35 localhost kernel: pci 0000:10:00.0: enabling Extended Tags
Nov 09 13:11:35 localhost kernel: pci 0000:10:00.0: PME# supported from D3hot D3cold
Nov 09 13:11:35 localhost kernel: pci 0000:00:08.2: PCI bridge to [bus 10]
Nov 09 13:11:35 localhost kernel: pci 0000:00:08.2:   bridge window [mem 0xf2800000-0xf28fffff]
Nov 09 13:11:35 localhost kernel: pci_bus 0000:00: on NUMA node 0
Nov 09 13:11:35 localhost kernel: ACPI: PCI: Interrupt link LNKA configured for IRQ 0
Nov 09 13:11:35 localhost kernel: ACPI: PCI: Interrupt link LNKB configured for IRQ 0
Nov 09 13:11:35 localhost kernel: ACPI: PCI: Interrupt link LNKC configured for IRQ 0
Nov 09 13:11:35 localhost kernel: ACPI: PCI: Interrupt link LNKD configured for IRQ 0
Nov 09 13:11:35 localhost kernel: ACPI: PCI: Interrupt link LNKE configured for IRQ 0
Nov 09 13:11:35 localhost kernel: ACPI: PCI: Interrupt link LNKF configured for IRQ 0
Nov 09 13:11:35 localhost kernel: ACPI: PCI: Interrupt link LNKG configured for IRQ 0
Nov 09 13:11:35 localhost kernel: ACPI: PCI: Interrupt link LNKH configured for IRQ 0
Nov 09 13:11:35 localhost kernel: iommu: Default domain type: Translated 
Nov 09 13:11:35 localhost kernel: iommu: DMA domain TLB invalidation policy: lazy mode 
Nov 09 13:11:35 localhost kernel: pci 0000:0f:00.0: vgaarb: VGA device added: decodes=io+mem,owns=none,locks=none
Nov 09 13:11:35 localhost kernel: pci 0000:0f:00.0: vgaarb: bridge control possible
Nov 09 13:11:35 localhost kernel: pci 0000:0f:00.0: vgaarb: setting as boot device
Nov 09 13:11:35 localhost kernel: vgaarb: loaded
Nov 09 13:11:35 localhost kernel: SCSI subsystem initialized
Nov 09 13:11:35 localhost kernel: libata version 3.00 loaded.
Nov 09 13:11:35 localhost kernel: ACPI: bus type USB registered
Nov 09 13:11:35 localhost kernel: usbcore: registered new interface driver usbfs
Nov 09 13:11:35 localhost kernel: usbcore: registered new interface driver hub
Nov 09 13:11:35 localhost kernel: usbcore: registered new device driver usb
Nov 09 13:11:35 localhost kernel: pps_core: LinuxPPS API ver. 1 registered
Nov 09 13:11:35 localhost kernel: pps_core: Software ver. 5.3.6 - Copyright 2005-2007 Rodolfo Giometti <giometti@linux.it>
Nov 09 13:11:35 localhost kernel: PTP clock support registered
Nov 09 13:11:35 localhost kernel: Registered efivars operations
Nov 09 13:11:35 localhost kernel: PCI: Using ACPI for IRQ routing
Nov 09 13:11:35 localhost kernel: PCI: pci_cache_line_size set to 64 bytes
Nov 09 13:11:35 localhost kernel: Expanded resource Reserved due to conflict with PCI Bus 0000:00
Nov 09 13:11:35 localhost kernel: e820: reserve RAM buffer [mem 0x09602000-0x0bffffff]
Nov 09 13:11:35 localhost kernel: e820: reserve RAM buffer [mem 0x0a200000-0x0bffffff]
Nov 09 13:11:35 localhost kernel: e820: reserve RAM buffer [mem 0x3ce10000-0x3fffffff]
Nov 09 13:11:35 localhost kernel: e820: reserve RAM buffer [mem 0x3d5ec000-0x3fffffff]
Nov 09 13:11:35 localhost kernel: e820: reserve RAM buffer [mem 0x3d8aa000-0x3fffffff]
Nov 09 13:11:35 localhost kernel: e820: reserve RAM buffer [mem 0x3f000000-0x3fffffff]
Nov 09 13:11:35 localhost kernel: e820: reserve RAM buffer [mem 0x47f000000-0x47fffffff]
Nov 09 13:11:35 localhost kernel: e820: reserve RAM buffer [mem 0x4bf340000-0x4bfffffff]
Nov 09 13:11:35 localhost kernel: hpet0: at MMIO 0xfed00000, IRQs 2, 8, 0
Nov 09 13:11:35 localhost kernel: hpet0: 3 comparators, 32-bit 14.318180 MHz counter
Nov 09 13:11:35 localhost kernel: clocksource: Switched to clocksource tsc-early
Nov 09 13:11:35 localhost kernel: pnp: PnP ACPI init
Nov 09 13:11:35 localhost kernel: system 00:00: [mem 0xf8000000-0xfbffffff] has been reserved
Nov 09 13:11:35 localhost kernel: system 00:01: [mem 0xfeb80000-0xfebfffff] has been reserved
Nov 09 13:11:35 localhost kernel: system 00:03: [io  0x04d0-0x04d1] has been reserved
Nov 09 13:11:35 localhost kernel: system 00:03: [io  0x040b] has been reserved
Nov 09 13:11:35 localhost kernel: system 00:03: [io  0x04d6] has been reserved
Nov 09 13:11:35 localhost kernel: system 00:03: [io  0x0c00-0x0c01] has been reserved
Nov 09 13:11:35 localhost kernel: system 00:03: [io  0x0c14] has been reserved
Nov 09 13:11:35 localhost kernel: system 00:03: [io  0x0c50-0x0c51] has been reserved
Nov 09 13:11:35 localhost kernel: system 00:03: [io  0x0c52] has been reserved
Nov 09 13:11:35 localhost kernel: system 00:03: [io  0x0c6c] has been reserved
Nov 09 13:11:35 localhost kernel: system 00:03: [io  0x0c6f] has been reserved
Nov 09 13:11:35 localhost kernel: system 00:03: [io  0x0cd0-0x0cd1] has been reserved
Nov 09 13:11:35 localhost kernel: system 00:03: [io  0x0cd2-0x0cd3] has been reserved
Nov 09 13:11:35 localhost kernel: system 00:03: [io  0x0cd4-0x0cd5] has been reserved
Nov 09 13:11:35 localhost kernel: system 00:03: [io  0x0cd6-0x0cd7] has been reserved
Nov 09 13:11:35 localhost kernel: system 00:03: [io  0x0cd8-0x0cdf] has been reserved
Nov 09 13:11:35 localhost kernel: system 00:03: [io  0x0800-0x089f] has been reserved
Nov 09 13:11:35 localhost kernel: system 00:03: [io  0x0b00-0x0b0f] has been reserved
Nov 09 13:11:35 localhost kernel: system 00:03: [io  0x0b20-0x0b3f] has been reserved
Nov 09 13:11:35 localhost kernel: system 00:03: [io  0x0900-0x090f] has been reserved
Nov 09 13:11:35 localhost kernel: system 00:03: [io  0x0910-0x091f] has been reserved
Nov 09 13:11:35 localhost kernel: system 00:03: [mem 0xfec00000-0xfec00fff] could not be reserved
Nov 09 13:11:35 localhost kernel: system 00:03: [mem 0xfec01000-0xfec01fff] could not be reserved
Nov 09 13:11:35 localhost kernel: system 00:03: [mem 0xfedc0000-0xfedc0fff] has been reserved
Nov 09 13:11:35 localhost kernel: system 00:03: [mem 0xfee00000-0xfee00fff] has been reserved
Nov 09 13:11:35 localhost kernel: system 00:03: [mem 0xfed80000-0xfed8ffff] could not be reserved
Nov 09 13:11:35 localhost kernel: system 00:03: [mem 0xfec10000-0xfec10fff] has been reserved
Nov 09 13:11:35 localhost kernel: system 00:03: [mem 0xff000000-0xffffffff] has been reserved
Nov 09 13:11:35 localhost kernel: pnp: PnP ACPI: found 4 devices
Nov 09 13:11:35 localhost kernel: clocksource: acpi_pm: mask: 0xffffff max_cycles: 0xffffff, max_idle_ns: 2085701024 ns
Nov 09 13:11:35 localhost kernel: NET: Registered PF_INET protocol family
Nov 09 13:11:35 localhost kernel: IP idents hash table entries: 262144 (order: 9, 2097152 bytes, linear)
Nov 09 13:11:35 localhost kernel: tcp_listen_portaddr_hash hash table entries: 8192 (order: 5, 131072 bytes, linear)
Nov 09 13:11:35 localhost kernel: Table-perturb hash table entries: 65536 (order: 6, 262144 bytes, linear)
Nov 09 13:11:35 localhost kernel: TCP established hash table entries: 131072 (order: 8, 1048576 bytes, linear)
Nov 09 13:11:35 localhost kernel: TCP bind hash table entries: 65536 (order: 8, 1048576 bytes, linear)
Nov 09 13:11:35 localhost kernel: TCP: Hash tables configured (established 131072 bind 65536)
Nov 09 13:11:35 localhost kernel: UDP hash table entries: 8192 (order: 6, 262144 bytes, linear)
Nov 09 13:11:35 localhost kernel: UDP-Lite hash table entries: 8192 (order: 6, 262144 bytes, linear)
Nov 09 13:11:35 localhost kernel: NET: Registered PF_UNIX/PF_LOCAL protocol family
Nov 09 13:11:35 localhost kernel: RPC: Registered named UNIX socket transport module.
Nov 09 13:11:35 localhost kernel: RPC: Registered udp transport module.
Nov 09 13:11:35 localhost kernel: RPC: Registered tcp transport module.
Nov 09 13:11:35 localhost kernel: RPC: Registered tcp NFSv4.1 backchannel transport module.
Nov 09 13:11:35 localhost kernel: pci 0000:02:00.0: PCI bridge to [bus 03]
Nov 09 13:11:35 localhost kernel: pci 0000:02:00.0:   bridge window [mem 0x6c000000-0x77ffffff 64bit pref]
Nov 09 13:11:35 localhost kernel: pci 0000:02:01.0: PCI bridge to [bus 04]
Nov 09 13:11:35 localhost kernel: pci 0000:02:01.0:   bridge window [mem 0x60000000-0x6bffffff 64bit pref]
Nov 09 13:11:35 localhost kernel: pci 0000:02:02.0: PCI bridge to [bus 05]
Nov 09 13:11:35 localhost kernel: pci 0000:02:02.0:   bridge window [mem 0xe0000000-0xf1ffffff]
Nov 09 13:11:35 localhost kernel: pci 0000:02:03.0: PCI bridge to [bus 06]
Nov 09 13:11:35 localhost kernel: pci 0000:02:03.0:   bridge window [mem 0x54000000-0x5fffffff 64bit pref]
Nov 09 13:11:35 localhost kernel: pci 0000:02:04.0: PCI bridge to [bus 07]
Nov 09 13:11:35 localhost kernel: pci 0000:02:04.0:   bridge window [mem 0xc0000000-0xd1ffffff]
Nov 09 13:11:35 localhost kernel: pci 0000:08:00.0: BAR 7: no space for [mem size 0x00800000 64bit pref]
Nov 09 13:11:35 localhost kernel: pci 0000:08:00.0: BAR 7: failed to assign [mem size 0x00800000 64bit pref]
Nov 09 13:11:35 localhost kernel: pci 0000:08:00.0: BAR 10: no space for [mem size 0x00200000 64bit pref]
Nov 09 13:11:35 localhost kernel: pci 0000:08:00.0: BAR 10: failed to assign [mem size 0x00200000 64bit pref]
Nov 09 13:11:35 localhost kernel: pci 0000:02:05.0: PCI bridge to [bus 08]
Nov 09 13:11:35 localhost kernel: pci 0000:02:05.0:   bridge window [mem 0xf2100000-0xf21fffff]
Nov 09 13:11:35 localhost kernel: pci 0000:02:05.0:   bridge window [mem 0x78000000-0x788fffff 64bit pref]
Nov 09 13:11:35 localhost kernel: pci 0000:02:06.0: PCI bridge to [bus 09]
Nov 09 13:11:35 localhost kernel: pci 0000:02:06.0:   bridge window [mem 0xa0000000-0xb1ffffff]
Nov 09 13:11:35 localhost kernel: pci 0000:02:07.0: PCI bridge to [bus 0a]
Nov 09 13:11:35 localhost kernel: pci 0000:02:07.0:   bridge window [mem 0x80000000-0x91ffffff]
Nov 09 13:11:35 localhost kernel: pci 0000:02:08.0: PCI bridge to [bus 0b]
Nov 09 13:11:35 localhost kernel: pci 0000:02:09.0: PCI bridge to [bus 0c]
Nov 09 13:11:35 localhost kernel: pci 0000:01:00.0: PCI bridge to [bus 02-0c]
Nov 09 13:11:35 localhost kernel: pci 0000:01:00.0:   bridge window [mem 0x80000000-0xf21fffff]
Nov 09 13:11:35 localhost kernel: pci 0000:01:00.0:   bridge window [mem 0x54000000-0x788fffff 64bit pref]
Nov 09 13:11:35 localhost kernel: pci 0000:00:01.1: PCI bridge to [bus 01-0c]
Nov 09 13:11:35 localhost kernel: pci 0000:00:01.1:   bridge window [mem 0x80000000-0xf21fffff]
Nov 09 13:11:35 localhost kernel: pci 0000:00:01.1:   bridge window [mem 0x54000000-0x78ffffff 64bit pref]
Nov 09 13:11:35 localhost kernel: pci 0000:00:01.3: PCI bridge to [bus 0d]
Nov 09 13:11:35 localhost kernel: pci 0000:00:01.3:   bridge window [io  0xf000-0xffff]
Nov 09 13:11:35 localhost kernel: pci 0000:00:01.3:   bridge window [mem 0xf2900000-0xf29fffff]
Nov 09 13:11:35 localhost kernel: pci 0000:00:01.5: PCI bridge to [bus 0e]
Nov 09 13:11:35 localhost kernel: pci 0000:00:01.5:   bridge window [mem 0x79100000-0x791fffff 64bit pref]
Nov 09 13:11:35 localhost kernel: pci 0000:00:08.1: PCI bridge to [bus 0f]
Nov 09 13:11:35 localhost kernel: pci 0000:00:08.1:   bridge window [io  0xe000-0xefff]
Nov 09 13:11:35 localhost kernel: pci 0000:00:08.1:   bridge window [mem 0xf2300000-0xf27fffff]
Nov 09 13:11:35 localhost kernel: pci 0000:00:08.1:   bridge window [mem 0x40000000-0x501fffff 64bit pref]
Nov 09 13:11:35 localhost kernel: pci 0000:00:08.2: PCI bridge to [bus 10]
Nov 09 13:11:35 localhost kernel: pci 0000:00:08.2:   bridge window [mem 0xf2800000-0xf28fffff]
Nov 09 13:11:35 localhost kernel: pci_bus 0000:00: Some PCI device resources are unassigned, try booting with pci=realloc
Nov 09 13:11:35 localhost kernel: pci_bus 0000:00: resource 4 [io  0x0000-0x03af window]
Nov 09 13:11:35 localhost kernel: pci_bus 0000:00: resource 5 [io  0x03e0-0x0cf7 window]
Nov 09 13:11:35 localhost kernel: pci_bus 0000:00: resource 6 [io  0x03b0-0x03df window]
Nov 09 13:11:35 localhost kernel: pci_bus 0000:00: resource 7 [io  0x0d00-0xffff window]
Nov 09 13:11:35 localhost kernel: pci_bus 0000:00: resource 8 [mem 0x000a0000-0x000bffff window]
Nov 09 13:11:35 localhost kernel: pci_bus 0000:00: resource 9 [mem 0x000c0000-0x000dffff window]
Nov 09 13:11:35 localhost kernel: pci_bus 0000:00: resource 10 [mem 0x40000000-0xfebfffff window]
Nov 09 13:11:35 localhost kernel: pci_bus 0000:00: resource 11 [mem 0xfee00000-0xffffffff window]
Nov 09 13:11:35 localhost kernel: pci_bus 0000:01: resource 1 [mem 0x80000000-0xf21fffff]
Nov 09 13:11:35 localhost kernel: pci_bus 0000:01: resource 2 [mem 0x54000000-0x78ffffff 64bit pref]
Nov 09 13:11:35 localhost kernel: pci_bus 0000:02: resource 1 [mem 0x80000000-0xf21fffff]
Nov 09 13:11:35 localhost kernel: pci_bus 0000:02: resource 2 [mem 0x54000000-0x788fffff 64bit pref]
Nov 09 13:11:35 localhost kernel: pci_bus 0000:03: resource 2 [mem 0x6c000000-0x77ffffff 64bit pref]
Nov 09 13:11:35 localhost kernel: pci_bus 0000:04: resource 2 [mem 0x60000000-0x6bffffff 64bit pref]
Nov 09 13:11:35 localhost kernel: pci_bus 0000:05: resource 1 [mem 0xe0000000-0xf1ffffff]
Nov 09 13:11:35 localhost kernel: pci_bus 0000:06: resource 2 [mem 0x54000000-0x5fffffff 64bit pref]
Nov 09 13:11:35 localhost kernel: pci_bus 0000:07: resource 1 [mem 0xc0000000-0xd1ffffff]
Nov 09 13:11:35 localhost kernel: pci_bus 0000:08: resource 1 [mem 0xf2100000-0xf21fffff]
Nov 09 13:11:35 localhost kernel: pci_bus 0000:08: resource 2 [mem 0x78000000-0x788fffff 64bit pref]
Nov 09 13:11:35 localhost kernel: pci_bus 0000:09: resource 1 [mem 0xa0000000-0xb1ffffff]
Nov 09 13:11:35 localhost kernel: pci_bus 0000:0a: resource 1 [mem 0x80000000-0x91ffffff]
Nov 09 13:11:35 localhost kernel: pci_bus 0000:0d: resource 0 [io  0xf000-0xffff]
Nov 09 13:11:35 localhost kernel: pci_bus 0000:0d: resource 1 [mem 0xf2900000-0xf29fffff]
Nov 09 13:11:35 localhost kernel: pci_bus 0000:0e: resource 2 [mem 0x79100000-0x791fffff 64bit pref]
Nov 09 13:11:35 localhost kernel: pci_bus 0000:0f: resource 0 [io  0xe000-0xefff]
Nov 09 13:11:35 localhost kernel: pci_bus 0000:0f: resource 1 [mem 0xf2300000-0xf27fffff]
Nov 09 13:11:35 localhost kernel: pci_bus 0000:0f: resource 2 [mem 0x40000000-0x501fffff 64bit pref]
Nov 09 13:11:35 localhost kernel: pci_bus 0000:10: resource 1 [mem 0xf2800000-0xf28fffff]
Nov 09 13:11:35 localhost kernel: pci 0000:0f:00.1: D0 power state depends on 0000:0f:00.0
Nov 09 13:11:35 localhost kernel: pci 0000:0f:00.3: extending delay after power-on from D3hot to 20 msec
Nov 09 13:11:35 localhost kernel: pci 0000:0f:00.4: extending delay after power-on from D3hot to 20 msec
Nov 09 13:11:35 localhost kernel: PCI: CLS 64 bytes, default 64
Nov 09 13:11:35 localhost kernel: PCI-DMA: Using software bounce buffering for IO (SWIOTLB)
Nov 09 13:11:35 localhost kernel: software IO TLB: mapped [mem 0x0000000035c48000-0x0000000039c48000] (64MB)
Nov 09 13:11:35 localhost kernel: RAPL PMU: API unit is 2^-32 Joules, 1 fixed counters, 163840 ms ovfl timer
Nov 09 13:11:35 localhost kernel: RAPL PMU: hw unit of domain package 2^-16 Joules
Nov 09 13:11:35 localhost kernel: amd_uncore: 4  amd_df counters detected
Nov 09 13:11:35 localhost kernel: amd_uncore: 6  amd_l3 counters detected
Nov 09 13:11:35 localhost kernel: workingset: timestamp_bits=46 max_order=22 bucket_order=0
Nov 09 13:11:35 localhost kernel: squashfs: version 4.0 (2009/01/31) Phillip Lougher
Nov 09 13:11:35 localhost kernel: NFS: Registering the id_resolver key type
Nov 09 13:11:35 localhost kernel: Key type id_resolver registered
Nov 09 13:11:35 localhost kernel: Key type id_legacy registered
Nov 09 13:11:35 localhost kernel: Key type cifs.idmap registered
Nov 09 13:11:35 localhost kernel: ntfs3: Max link count 4000
Nov 09 13:11:35 localhost kernel: ntfs3: Read-only LZX/Xpress compression included
Nov 09 13:11:35 localhost kernel: xor: automatically using best checksumming function   avx       
Nov 09 13:11:35 localhost kernel: Block layer SCSI generic (bsg) driver version 0.4 loaded (major 246)
Nov 09 13:11:35 localhost kernel: io scheduler mq-deadline registered
Nov 09 13:11:35 localhost kernel: io scheduler kyber registered
Nov 09 13:11:35 localhost kernel: io scheduler bfq registered
Nov 09 13:11:35 localhost kernel: pcieport 0000:00:01.1: PME: Signaling with IRQ 25
Nov 09 13:11:35 localhost kernel: pcieport 0000:00:01.1: AER: enabled with IRQ 25
Nov 09 13:11:35 localhost kernel: pcieport 0000:00:01.3: PME: Signaling with IRQ 26
Nov 09 13:11:35 localhost kernel: pcieport 0000:00:01.3: AER: enabled with IRQ 26
Nov 09 13:11:35 localhost kernel: pcieport 0000:00:01.5: PME: Signaling with IRQ 27
Nov 09 13:11:35 localhost kernel: pcieport 0000:00:01.5: AER: enabled with IRQ 27
Nov 09 13:11:35 localhost kernel: pcieport 0000:00:08.1: PME: Signaling with IRQ 28
Nov 09 13:11:35 localhost kernel: pcieport 0000:00:08.2: PME: Signaling with IRQ 29
Nov 09 13:11:35 localhost kernel: pcieport 0000:00:08.2: AER: enabled with IRQ 29
Nov 09 13:11:35 localhost kernel: input: Power Button as /devices/LNXSYSTM:00/LNXSYBUS:00/PNP0C0C:00/input/input0
Nov 09 13:11:35 localhost kernel: ACPI: button: Power Button [PWRB]
Nov 09 13:11:35 localhost kernel: input: Power Button as /devices/LNXSYSTM:00/LNXPWRBN:00/input/input1
Nov 09 13:11:35 localhost kernel: ACPI: button: Power Button [PWRF]
Nov 09 13:11:35 localhost kernel: Serial: 8250/16550 driver, 4 ports, IRQ sharing disabled
Nov 09 13:11:35 localhost kernel: Non-volatile memory driver v1.3
Nov 09 13:11:35 localhost kernel: Linux agpgart interface v0.103
Nov 09 13:11:35 localhost kernel: hv_vmbus: registering driver hyperv_drm
Nov 09 13:11:35 localhost kernel: brd: module loaded
Nov 09 13:11:35 localhost kernel: loop: module loaded
Nov 09 13:11:35 localhost kernel: ahci 0000:10:00.0: version 3.0
Nov 09 13:11:35 localhost kernel: ahci 0000:10:00.0: AHCI 0001.0301 32 slots 1 ports 6 Gbps 0x1 impl SATA mode
Nov 09 13:11:35 localhost kernel: ahci 0000:10:00.0: flags: 64bit ncq sntf ilck pm led clo only pmp fbs pio slum part 
Nov 09 13:11:35 localhost kernel: scsi host0: ahci
Nov 09 13:11:35 localhost kernel: ata1: SATA max UDMA/133 abar m2048@0xf2800000 port 0xf2800100 irq 42
Nov 09 13:11:35 localhost kernel: e100: Intel(R) PRO/100 Network Driver
Nov 09 13:11:35 localhost kernel: e100: Copyright(c) 1999-2006 Intel Corporation
Nov 09 13:11:35 localhost kernel: e1000: Intel(R) PRO/1000 Network Driver
Nov 09 13:11:35 localhost kernel: e1000: Copyright (c) 1999-2006 Intel Corporation.
Nov 09 13:11:35 localhost kernel: e1000e: Intel(R) PRO/1000 Network Driver
Nov 09 13:11:35 localhost kernel: e1000e: Copyright(c) 1999 - 2015 Intel Corporation.
Nov 09 13:11:35 localhost kernel: igb: Intel(R) Gigabit Ethernet Network Driver
Nov 09 13:11:35 localhost kernel: igb: Copyright (c) 2007-2014 Intel Corporation.
Nov 09 13:11:35 localhost kernel: pps pps0: new PPS source ptp0
Nov 09 13:11:35 localhost kernel: igb 0000:0d:00.0: added PHC on eth0
Nov 09 13:11:35 localhost kernel: igb 0000:0d:00.0: Intel(R) Gigabit Ethernet Network Connection
Nov 09 13:11:35 localhost kernel: igb 0000:0d:00.0: eth0: (PCIe:2.5Gb/s:Width x1) 00:e0:33:0b:d1:f9
Nov 09 13:11:35 localhost kernel: igb 0000:0d:00.0: eth0: PBA No: FFFFFF-0FF
Nov 09 13:11:35 localhost kernel: igb 0000:0d:00.0: Using MSI-X interrupts. 2 rx queue(s), 2 tx queue(s)
Nov 09 13:11:35 localhost kernel: Intel(R) 2.5G Ethernet Linux Driver
Nov 09 13:11:35 localhost kernel: Copyright(c) 2018 Intel Corporation.
Nov 09 13:11:35 localhost kernel: igbvf: Intel(R) Gigabit Virtual Function Network Driver
Nov 09 13:11:35 localhost kernel: igbvf: Copyright (c) 2009 - 2012 Intel Corporation.
Nov 09 13:11:35 localhost kernel: ixgbe: Intel(R) 10 Gigabit PCI Express Network Driver
Nov 09 13:11:35 localhost kernel: ixgbe: Copyright (c) 1999-2016 Intel Corporation.
Nov 09 13:11:35 localhost kernel: ixgbevf: Intel(R) 10 Gigabit PCI Express Virtual Function Network Driver
Nov 09 13:11:35 localhost kernel: ixgbevf: Copyright (c) 2009 - 2018 Intel Corporation.
Nov 09 13:11:35 localhost kernel: iavf: Intel(R) Ethernet Adaptive Virtual Function Network Driver
Nov 09 13:11:35 localhost kernel: Copyright (c) 2013 - 2018 Intel Corporation.
Nov 09 13:11:35 localhost kernel: usbcore: registered new interface driver ax88179_178a
Nov 09 13:11:35 localhost kernel: usbcore: registered new interface driver cdc_ether
Nov 09 13:11:35 localhost kernel: usbcore: registered new interface driver cdc_eem
Nov 09 13:11:35 localhost kernel: usbcore: registered new interface driver cdc_ncm
Nov 09 13:11:35 localhost kernel: usbcore: registered new interface driver r8153_ecm
Nov 09 13:11:35 localhost kernel: hv_vmbus: registering driver hv_netvsc
Nov 09 13:11:35 localhost kernel: ehci_hcd: USB 2.0 'Enhanced' Host Controller (EHCI) Driver
Nov 09 13:11:35 localhost kernel: ehci-pci: EHCI PCI platform driver
Nov 09 13:11:35 localhost kernel: ohci_hcd: USB 1.1 'Open' Host Controller (OHCI) Driver
Nov 09 13:11:35 localhost kernel: ohci-pci: OHCI PCI platform driver
Nov 09 13:11:35 localhost kernel: uhci_hcd: USB Universal Host Controller Interface driver
Nov 09 13:11:35 localhost kernel: xhci_hcd 0000:0f:00.3: xHCI Host Controller
Nov 09 13:11:35 localhost kernel: xhci_hcd 0000:0f:00.3: new USB bus registered, assigned bus number 1
Nov 09 13:11:35 localhost kernel: xhci_hcd 0000:0f:00.3: hcc params 0x0270ffe5 hci version 0x110 quirks 0x0000000840000410
Nov 09 13:11:35 localhost kernel: xhci_hcd 0000:0f:00.3: xHCI Host Controller
Nov 09 13:11:35 localhost kernel: xhci_hcd 0000:0f:00.3: new USB bus registered, assigned bus number 2
Nov 09 13:11:35 localhost kernel: xhci_hcd 0000:0f:00.3: Host supports USB 3.1 Enhanced SuperSpeed
Nov 09 13:11:35 localhost kernel: usb usb1: New USB device found, idVendor=1d6b, idProduct=0002, bcdDevice= 5.15
Nov 09 13:11:35 localhost kernel: usb usb1: New USB device strings: Mfr=3, Product=2, SerialNumber=1
Nov 09 13:11:35 localhost kernel: usb usb1: Product: xHCI Host Controller
Nov 09 13:11:35 localhost kernel: usb usb1: Manufacturer: Linux 5.15.73 xhci-hcd
Nov 09 13:11:35 localhost kernel: usb usb1: SerialNumber: 0000:0f:00.3
Nov 09 13:11:35 localhost kernel: hub 1-0:1.0: USB hub found
Nov 09 13:11:35 localhost kernel: hub 1-0:1.0: 4 ports detected
Nov 09 13:11:35 localhost kernel: usb usb2: We don't know the algorithms for LPM for this host, disabling LPM.
Nov 09 13:11:35 localhost kernel: usb usb2: New USB device found, idVendor=1d6b, idProduct=0003, bcdDevice= 5.15
Nov 09 13:11:35 localhost kernel: usb usb2: New USB device strings: Mfr=3, Product=2, SerialNumber=1
Nov 09 13:11:35 localhost kernel: usb usb2: Product: xHCI Host Controller
Nov 09 13:11:35 localhost kernel: usb usb2: Manufacturer: Linux 5.15.73 xhci-hcd
Nov 09 13:11:35 localhost kernel: usb usb2: SerialNumber: 0000:0f:00.3
Nov 09 13:11:35 localhost kernel: hub 2-0:1.0: USB hub found
Nov 09 13:11:35 localhost kernel: hub 2-0:1.0: 4 ports detected
Nov 09 13:11:35 localhost kernel: xhci_hcd 0000:0f:00.4: xHCI Host Controller
Nov 09 13:11:35 localhost kernel: xhci_hcd 0000:0f:00.4: new USB bus registered, assigned bus number 3
Nov 09 13:11:35 localhost kernel: xhci_hcd 0000:0f:00.4: hcc params 0x0260ffe5 hci version 0x110 quirks 0x0000000840000410
Nov 09 13:11:35 localhost kernel: xhci_hcd 0000:0f:00.4: xHCI Host Controller
Nov 09 13:11:35 localhost kernel: xhci_hcd 0000:0f:00.4: new USB bus registered, assigned bus number 4
Nov 09 13:11:35 localhost kernel: xhci_hcd 0000:0f:00.4: Host supports USB 3.1 Enhanced SuperSpeed
Nov 09 13:11:35 localhost kernel: usb usb3: New USB device found, idVendor=1d6b, idProduct=0002, bcdDevice= 5.15
Nov 09 13:11:35 localhost kernel: usb usb3: New USB device strings: Mfr=3, Product=2, SerialNumber=1
Nov 09 13:11:35 localhost kernel: usb usb3: Product: xHCI Host Controller
Nov 09 13:11:35 localhost kernel: usb usb3: Manufacturer: Linux 5.15.73 xhci-hcd
Nov 09 13:11:35 localhost kernel: usb usb3: SerialNumber: 0000:0f:00.4
Nov 09 13:11:35 localhost kernel: hub 3-0:1.0: USB hub found
Nov 09 13:11:35 localhost kernel: hub 3-0:1.0: 2 ports detected
Nov 09 13:11:35 localhost kernel: usb usb4: We don't know the algorithms for LPM for this host, disabling LPM.
Nov 09 13:11:35 localhost kernel: usb usb4: New USB device found, idVendor=1d6b, idProduct=0003, bcdDevice= 5.15
Nov 09 13:11:35 localhost kernel: usb usb4: New USB device strings: Mfr=3, Product=2, SerialNumber=1
Nov 09 13:11:35 localhost kernel: usb usb4: Product: xHCI Host Controller
Nov 09 13:11:35 localhost kernel: usb usb4: Manufacturer: Linux 5.15.73 xhci-hcd
Nov 09 13:11:35 localhost kernel: usb usb4: SerialNumber: 0000:0f:00.4
Nov 09 13:11:35 localhost kernel: hub 4-0:1.0: USB hub found
Nov 09 13:11:35 localhost kernel: hub 4-0:1.0: 1 port detected
Nov 09 13:11:35 localhost kernel: usbcore: registered new interface driver cdc_acm
Nov 09 13:11:35 localhost kernel: cdc_acm: USB Abstract Control Model driver for USB modems and ISDN adapters
Nov 09 13:11:35 localhost kernel: usbcore: registered new interface driver usb-storage
Nov 09 13:11:35 localhost kernel: usbcore: registered new interface driver usbserial_generic
Nov 09 13:11:35 localhost kernel: usbserial: USB Serial support registered for generic
Nov 09 13:11:35 localhost kernel: usbcore: registered new interface driver ftdi_sio
Nov 09 13:11:35 localhost kernel: usbserial: USB Serial support registered for FTDI USB Serial Device
Nov 09 13:11:35 localhost kernel: usbcore: registered new interface driver pl2303
Nov 09 13:11:35 localhost kernel: usbserial: USB Serial support registered for pl2303
Nov 09 13:11:35 localhost kernel: i8042: PNP: No PS/2 controller found.
Nov 09 13:11:35 localhost kernel: hv_vmbus: registering driver hyperv_keyboard
Nov 09 13:11:35 localhost kernel: mousedev: PS/2 mouse device common for all mice
Nov 09 13:11:35 localhost kernel: rtc_cmos 00:02: RTC can wake from S4
Nov 09 13:11:35 localhost kernel: rtc_cmos 00:02: registered as rtc0
Nov 09 13:11:35 localhost kernel: rtc_cmos 00:02: setting system clock to 2023-11-09T13:11:34 UTC (1699535494)
Nov 09 13:11:35 localhost kernel: rtc_cmos 00:02: alarms up to one month, y3k, 114 bytes nvram, hpet irqs
Nov 09 13:11:35 localhost kernel: i2c_dev: i2c /dev entries driver
Nov 09 13:11:35 localhost kernel: piix4_smbus 0000:00:14.0: SMBus Host Controller at 0xb00, revision 0
Nov 09 13:11:35 localhost kernel: piix4_smbus 0000:00:14.0: Using register 0x02 for SMBus port selection
Nov 09 13:11:35 localhost kernel: eeprom 0-0050: eeprom driver is deprecated, please use at24 instead
Nov 09 13:11:35 localhost kernel: eeprom 0-0054: eeprom driver is deprecated, please use at24 instead
Nov 09 13:11:35 localhost kernel: eeprom 0-0057: eeprom driver is deprecated, please use at24 instead
Nov 09 13:11:35 localhost kernel: piix4_smbus 0000:00:14.0: Auxiliary SMBus Host Controller at 0xb20
Nov 09 13:11:35 localhost kernel: fail to initialize ptp_kvm
Nov 09 13:11:35 localhost kernel: efifb: probing for efifb
Nov 09 13:11:35 localhost kernel: efifb: framebuffer at 0x40000000, using 1984k, total 1984k
Nov 09 13:11:35 localhost kernel: efifb: mode is 800x600x32, linelength=3328, pages=1
Nov 09 13:11:35 localhost kernel: efifb: scrolling: redraw
Nov 09 13:11:35 localhost kernel: efifb: Truecolor: size=8:8:8:8, shift=24:16:8:0
Nov 09 13:11:35 localhost kernel: Console: switching to colour frame buffer device 100x37
Nov 09 13:11:35 localhost kernel: fb0: EFI VGA frame buffer device
Nov 09 13:11:35 localhost kernel: EFI Variables Facility v0.08 2004-May-17
Nov 09 13:11:35 localhost kernel: pstore: Registered efi as persistent store backend
Nov 09 13:11:35 localhost kernel: hv_vmbus: registering driver hid_hyperv
Nov 09 13:11:35 localhost kernel: usbcore: registered new interface driver usbhid
Nov 09 13:11:35 localhost kernel: usbhid: USB HID core driver
Nov 09 13:11:35 localhost kernel: hv_utils: Registering HyperV Utility Driver
Nov 09 13:11:35 localhost kernel: hv_vmbus: registering driver hv_utils
Nov 09 13:11:35 localhost kernel: hv_vmbus: registering driver hv_balloon
Nov 09 13:11:35 localhost kernel: IPVS: Registered protocols ()
Nov 09 13:11:35 localhost kernel: IPVS: Connection hash table configured (size=4096, memory=32Kbytes)
Nov 09 13:11:35 localhost kernel: IPVS: ipvs loaded.
Nov 09 13:11:35 localhost kernel: Initializing XFRM netlink socket
Nov 09 13:11:35 localhost kernel: NET: Registered PF_INET6 protocol family
Nov 09 13:11:35 localhost kernel: Segment Routing with IPv6
Nov 09 13:11:35 localhost kernel: In-situ OAM (IOAM) with IPv6
Nov 09 13:11:35 localhost kernel: NET: Registered PF_PACKET protocol family
Nov 09 13:11:35 localhost kernel: NET: Registered PF_KEY protocol family
Nov 09 13:11:35 localhost kernel: Bridge firewalling registered
Nov 09 13:11:35 localhost kernel: Key type dns_resolver registered
Nov 09 13:11:35 localhost kernel: microcode: CPU0: patch_level=0x08101016
Nov 09 13:11:35 localhost kernel: microcode: CPU1: patch_level=0x08101016
Nov 09 13:11:35 localhost kernel: microcode: CPU2: patch_level=0x08101016
Nov 09 13:11:35 localhost kernel: microcode: CPU3: patch_level=0x08101016
Nov 09 13:11:35 localhost kernel: microcode: CPU4: patch_level=0x08101016
Nov 09 13:11:35 localhost kernel: microcode: CPU5: patch_level=0x08101016
Nov 09 13:11:35 localhost kernel: microcode: CPU6: patch_level=0x08101016
Nov 09 13:11:35 localhost kernel: microcode: CPU7: patch_level=0x08101016
Nov 09 13:11:35 localhost kernel: microcode: Microcode Update Driver: v2.2.
Nov 09 13:11:35 localhost kernel: IPI shorthand broadcast: enabled
Nov 09 13:11:35 localhost kernel: sched_clock: Marking stable (701415061, 1334742)->(1551022684, -848272881)
Nov 09 13:11:35 localhost kernel: Btrfs loaded, crc32c=crc32c-generic, zoned=no, fsverity=no
Nov 09 13:11:35 localhost kernel: pstore: Using crash dump compression: deflate
Nov 09 13:11:35 localhost kernel: Key type encrypted registered
Nov 09 13:11:35 localhost kernel: printk: console [netcon0] enabled
Nov 09 13:11:35 localhost kernel: netconsole: network logging started
Nov 09 13:11:35 localhost kernel: acpi_cpufreq: overriding BIOS provided _PSD data
Nov 09 13:11:35 localhost kernel: usb 1-1: new high-speed USB device number 2 using xhci_hcd
Nov 09 13:11:35 localhost kernel: usb 3-2: new high-speed USB device number 2 using xhci_hcd
Nov 09 13:11:35 localhost kernel: usb 1-1: New USB device found, idVendor=0aad, idProduct=01f5, bcdDevice= 0.00
Nov 09 13:11:35 localhost kernel: usb 1-1: New USB device strings: Mfr=1, Product=2, SerialNumber=3
Nov 09 13:11:35 localhost kernel: usb 1-1: Product: R&S Motherboard MIC
Nov 09 13:11:35 localhost kernel: usb 1-1: Manufacturer: Rohde & Schwarz GmbH & Co. KG
Nov 09 13:11:35 localhost kernel: usb 1-1: SerialNumber: 101057
Nov 09 13:11:35 localhost kernel: usb 3-2: New USB device found, idVendor=0424, idProduct=2514, bcdDevice= b.b3
Nov 09 13:11:35 localhost kernel: usb 3-2: New USB device strings: Mfr=0, Product=0, SerialNumber=0
Nov 09 13:11:35 localhost kernel: hub 3-2:1.0: USB hub found
Nov 09 13:11:35 localhost kernel: hub 3-2:1.0: 4 ports detected
Nov 09 13:11:35 localhost kernel: ata1: SATA link up 6.0 Gbps (SStatus 133 SControl 300)
Nov 09 13:11:35 localhost kernel: ata1.00: ATA-10: SFSA960GM2AK4TO-C-8C-636-STD, SBR10013, max UDMA/133
Nov 09 13:11:35 localhost kernel: ata1.00: 1875385008 sectors, multi 0: LBA48 NCQ (depth 32), AA
Nov 09 13:11:35 localhost kernel: ata1.00: Features: Dev-Sleep
Nov 09 13:11:35 localhost kernel: ata1.00: configured for UDMA/133
Nov 09 13:11:35 localhost kernel: scsi 0:0:0:0: Direct-Access     ATA      SFSA960GM2AK4TO- 0013 PQ: 0 ANSI: 5
Nov 09 13:11:35 localhost kernel: sd 0:0:0:0: [sda] 1875385008 512-byte logical blocks: (960 GB/894 GiB)
Nov 09 13:11:35 localhost kernel: sd 0:0:0:0: [sda] Write Protect is off
Nov 09 13:11:35 localhost kernel: sd 0:0:0:0: [sda] Mode Sense: 00 3a 00 00
Nov 09 13:11:35 localhost kernel: sd 0:0:0:0: [sda] Write cache: enabled, read cache: enabled, doesn't support DPO or FUA
Nov 09 13:11:35 localhost kernel:  sda: sda1 sda2
Nov 09 13:11:35 localhost kernel: sd 0:0:0:0: [sda] Attached SCSI disk
Nov 09 13:11:35 localhost kernel: Freeing unused kernel image (initmem) memory: 59100K
Nov 09 13:11:35 localhost kernel: Write protecting the kernel read-only data: 22528k
Nov 09 13:11:35 localhost kernel: Freeing unused kernel image (text/rodata gap) memory: 2036K
Nov 09 13:11:35 localhost kernel: Freeing unused kernel image (rodata/data gap) memory: 252K
Nov 09 13:11:35 localhost kernel: Run /init as init process
Nov 09 13:11:35 localhost kernel:   with arguments:
Nov 09 13:11:35 localhost kernel:     /init
Nov 09 13:11:35 localhost kernel:   with environment:
Nov 09 13:11:35 localhost kernel:     HOME=/
Nov 09 13:11:35 localhost kernel:     TERM=linux
Nov 09 13:11:35 localhost kernel:     BOOT_IMAGE=/boot/vmlinuz
Nov 09 13:11:35 localhost systemd[1]: Current system time is further ahead 15y after build time, but cannot correct: Invalid argument
Nov 09 13:11:35 localhost systemd[1]: systemd 250.5+ running in system mode (+PAM -AUDIT -SELINUX -APPARMOR -IMA -SMACK -SECCOMP -GCRYPT -GNUTLS -OPENSSL +ACL +BLKID -CURL -ELFUTILS -FIDO2 -IDN2 -IDN -IPTC +KMOD -LIBCRYPTSETUP +LIBFDISK -PCRE2 -PWQUALITY -P11KIT -QRENCODE -BZIP2 +LZ4 -XZ -ZLIB -ZSTD -BPF_FRAMEWORK -XKBCOMMON +UTMP -SYSVINIT default-hierarchy=hybrid)
Nov 09 13:11:35 localhost systemd[1]: Detected architecture x86-64.
Nov 09 13:11:35 localhost systemd[1]: Running in initial RAM disk.
Nov 09 13:11:35 localhost systemd[1]: No hostname configured, using default hostname.
Nov 09 13:11:35 localhost systemd[1]: Hostname set to <localhost>.
Nov 09 13:11:35 localhost systemd[1]: Initializing machine ID from random generator.
Nov 09 13:11:35 localhost systemd[1]: Queued start job for default target Initrd Default Target.
Nov 09 13:11:35 localhost systemd[1]: Created slice Slice /system/modprobe.
Nov 09 13:11:35 localhost systemd[1]: Started Dispatch Password Requests to Console Directory Watch.
Nov 09 13:11:35 localhost systemd[1]: Reached target Initrd /usr File System.
Nov 09 13:11:35 localhost systemd[1]: Reached target Path Units.
Nov 09 13:11:35 localhost systemd[1]: Reached target Slice Units.
Nov 09 13:11:35 localhost systemd[1]: Reached target Swaps.
Nov 09 13:11:35 localhost systemd[1]: Listening on Process Core Dump Socket.
Nov 09 13:11:35 localhost systemd[1]: Listening on Journal Audit Socket.
Nov 09 13:11:35 localhost systemd[1]: Listening on Journal Socket (/dev/log).
Nov 09 13:11:35 localhost systemd[1]: Listening on Journal Socket.
Nov 09 13:11:35 localhost systemd[1]: Listening on udev Control Socket.
Nov 09 13:11:35 localhost systemd[1]: Listening on udev Kernel Socket.
Nov 09 13:11:35 localhost systemd[1]: Huge Pages File System was skipped because of a failed condition check (ConditionPathExists=/sys/kernel/mm/hugepages).
Nov 09 13:11:35 localhost systemd[1]: Mounting POSIX Message Queue File System...
Nov 09 13:11:35 localhost systemd[1]: Mounting Kernel Debug File System...
Nov 09 13:11:35 localhost systemd[1]: Mounting Kernel Trace File System...
Nov 09 13:11:35 localhost systemd[1]: Mounting Temporary Directory /tmp...
Nov 09 13:11:35 localhost systemd[1]: Mounting /var/volatile...
Nov 09 13:11:35 localhost systemd[1]: Create List of Static Device Nodes was skipped because of a failed condition check (ConditionFileNotEmpty=/lib/modules/5.15.73/modules.devname).
Nov 09 13:11:35 localhost systemd[1]: Starting Load Kernel Module configfs...
Nov 09 13:11:35 localhost systemd[1]: Starting Load Kernel Module fuse...
Nov 09 13:11:35 localhost systemd[1]: Starting Mount sysroot partition...
Nov 09 13:11:35 localhost systemd[1]: Rebuild Hardware Database was skipped because of a failed condition check (ConditionNeedsUpdate=/etc).
Nov 09 13:11:35 localhost systemd[1]: Starting Journal Service...
Nov 09 13:11:35 localhost systemd[1]: Load Kernel Modules was skipped because all trigger condition checks failed.
Nov 09 13:11:35 localhost systemd[1]: Starting Generate network units from Kernel command line...
Nov 09 13:11:35 localhost systemd[1]: Platform Persistent Storage Archival was skipped because of a failed condition check (ConditionDirectoryNotEmpty=/sys/fs/pstore).
Nov 09 13:11:35 localhost systemd[1]: Starting Apply Kernel Variables...
Nov 09 13:11:35 localhost systemd[1]: Starting Create Static Device Nodes in /dev...
Nov 09 13:11:35 localhost systemd[1]: Starting Coldplug All udev Devices...
Nov 09 13:11:35 localhost systemd[1]: Mounted POSIX Message Queue File System.
Nov 09 13:11:35 localhost systemd[1]: Mounted Kernel Debug File System.
Nov 09 13:11:35 localhost systemd[1]: Mounted Kernel Trace File System.
Nov 09 13:11:35 localhost systemd[1]: Mounted Temporary Directory /tmp.
Nov 09 13:11:35 localhost systemd[1]: Mounted /var/volatile.
Nov 09 13:11:35 localhost systemd[1]: modprobe@configfs.service: Deactivated successfully.
Nov 09 13:11:35 localhost systemd[1]: Finished Load Kernel Module configfs.
Nov 09 13:11:35 localhost systemd[1]: modprobe@fuse.service: Deactivated successfully.
Nov 09 13:11:35 localhost systemd[1]: Finished Load Kernel Module fuse.
Nov 09 13:11:35 localhost systemd[1]: Finished Generate network units from Kernel command line.
Nov 09 13:11:35 localhost systemd[1]: Finished Apply Kernel Variables.
Nov 09 13:11:35 localhost systemd[1]: Finished Create Static Device Nodes in /dev.
Nov 09 13:11:35 localhost systemd[1]: Reached target Preparation for Network.
Nov 09 13:11:35 localhost systemd[1]: FUSE Control File System was skipped because of a failed condition check (ConditionPathExists=/sys/fs/fuse/connections).
Nov 09 13:11:35 localhost systemd[1]: Mounting Kernel Configuration File System...
Nov 09 13:11:35 localhost kernel: BTRFS: device label root devid 1 transid 1820562 /dev/sda2 scanned by mount (200)
Nov 09 13:11:35 localhost kernel: audit: type=1334 audit(1699535495.186:2): prog-id=5 op=LOAD
Nov 09 13:11:35 localhost kernel: BTRFS info (device sda2): disk space caching is enabled
Nov 09 13:11:35 localhost kernel: audit: type=1334 audit(1699535495.187:3): prog-id=6 op=LOAD
Nov 09 13:11:35 localhost kernel: BTRFS info (device sda2): has skinny extents
Nov 09 13:11:35 localhost systemd[1]: Starting Rule-based Manager for Device Events and Files...
Nov 09 13:11:35 localhost systemd[1]: Bind mount volatile /var/cache was skipped because of a failed condition check (ConditionPathIsReadWrite=!/var/cache).
Nov 09 13:11:35 localhost systemd[1]: Bind mount volatile /var/spool was skipped because of a failed condition check (ConditionPathIsReadWrite=!/var/spool).
Nov 09 13:11:35 localhost systemd[1]: Bind mount volatile /srv was skipped because of a failed condition check (ConditionPathIsReadWrite=!/srv).
Nov 09 13:11:35 localhost systemd[1]: Reached target Local File Systems.
Nov 09 13:11:35 localhost systemd[1]: Store a System Token in an EFI Variable was skipped because of a failed condition check (ConditionPathExists=/sys/firmware/efi/efivars/LoaderFeatures-4a67b082-0a4c-41cf-b6c7-440b29bb8c4f).
Nov 09 13:11:35 localhost systemd[1]: Starting Automatic Boot Loader Update...
Nov 09 13:11:35 localhost systemd[1]: Commit a transient machine-id on disk was skipped because of a failed condition check (ConditionPathIsMountPoint=/etc/machine-id).
Nov 09 13:11:35 localhost systemd[1]: Merge System Extension Images into /usr/ and /opt/ was skipped because all trigger condition checks failed.
Nov 09 13:11:35 localhost systemd[1]: Started Rule-based Manager for Device Events and Files.
Nov 09 13:11:35 localhost kernel: BTRFS info (device sda2): bdev /dev/sda2 errs: wr 0, rd 0, flush 0, corrupt 2, gen 0
Nov 09 13:11:35 localhost systemd[1]: Mounted Kernel Configuration File System.
Nov 09 13:11:35 localhost systemd[1]: Finished Automatic Boot Loader Update.
Nov 09 13:11:35 localhost kernel: BTRFS info (device sda2): enabling ssd optimizations
Nov 09 13:11:35 localhost systemd[1]: Condition check resulted in /sysroot being skipped.
Nov 09 13:11:35 localhost systemd[1]: Finished Mount sysroot partition.
Nov 09 13:11:35 localhost systemd[1]: Reached target Initrd Root File System.
Nov 09 13:11:35 localhost kernel: usb 3-2.1: new full-speed USB device number 3 using xhci_hcd
Nov 09 13:11:35 localhost systemd[1]: Mounting Home mount...
Nov 09 13:11:35 localhost systemd[1]: Starting Reload Configuration from the Real Root...
Nov 09 13:11:35 localhost systemd-journald[188]: Journal started
Nov 09 13:11:35 localhost systemd-journald[188]: Runtime Journal (/run/log/journal/b1374b2c384f41229ee37cff6991e002) is 8.0M, max 64.0M, 56.0M free.
Nov 09 13:11:35 localhost audit: BPF prog-id=5 op=LOAD
Nov 09 13:11:35 localhost audit: BPF prog-id=6 op=LOAD
Nov 09 13:11:35 localhost systemd-sysctl[193]: Couldn't write '16' to 'kernel/sysrq', ignoring: No such file or directory
Nov 09 13:11:35 localhost systemd-tmpfiles[195]: /usr/lib/tmpfiles.d/dbus.conf:13: Line references path below legacy directory /var/run/, updating /var/run/dbus/containers  /run/dbus/containers; please update the tmpfiles.d/ drop-in file accordingly.
Nov 09 13:11:35 localhost systemd[1]: Started Journal Service.
Nov 09 13:11:35 localhost systemd-udevd[202]: /lib/udev/rules.d/50-udev-default.rules:40 Unknown group 'render', ignoring
Nov 09 13:11:35 localhost systemd-udevd[202]: /lib/udev/rules.d/50-udev-default.rules:41 Unknown group 'render', ignoring
Nov 09 13:11:35 localhost systemd-udevd[202]: /lib/udev/rules.d/50-udev-default.rules:43 Unknown group 'sgx', ignoring
Nov 09 13:11:35 localhost systemd-udevd[202]: /lib/udev/rules.d/50-udev-default.rules:44 Unknown group 'sgx', ignoring
Nov 09 13:11:35 localhost systemd[1]: Flush Journal to Persistent Storage was skipped because of a failed condition check (ConditionPathExists=!/etc/initrd-release).
Nov 09 13:11:35 localhost bootctl[220]: Couldn't find EFI system partition, skipping.
Nov 09 13:11:35 localhost systemd[1]: Starting Create Volatile Files and Directories...
Nov 09 13:11:35 localhost systemd-tmpfiles[229]: /usr/lib/tmpfiles.d/dbus.conf:13: Line references path below legacy directory /var/run/, updating /var/run/dbus/containers  /run/dbus/containers; please update the tmpfiles.d/ drop-in file accordingly.
Nov 09 13:11:35 localhost systemd[1]: Reloading.
Nov 09 13:11:35 localhost audit: BPF prog-id=7 op=LOAD
Nov 09 13:11:35 localhost audit: BPF prog-id=8 op=LOAD
Nov 09 13:11:35 localhost kernel: audit: type=1334 audit(1699535495.389:4): prog-id=7 op=LOAD
Nov 09 13:11:35 localhost kernel: audit: type=1334 audit(1699535495.389:5): prog-id=8 op=LOAD
Nov 09 13:11:35 localhost kernel: usb 3-2.1: New USB device found, idVendor=0424, idProduct=1104, bcdDevice= 2.22
Nov 09 13:11:35 localhost kernel: audit: type=1334 audit(1699535495.389:6): prog-id=0 op=UNLOAD
Nov 09 13:11:35 localhost audit: BPF prog-id=0 op=UNLOAD
Nov 09 13:11:35 localhost audit: BPF prog-id=0 op=UNLOAD
Nov 09 13:11:35 localhost kernel: usb 3-2.1: New USB device strings: Mfr=1, Product=2, SerialNumber=5
Nov 09 13:11:35 localhost kernel: audit: type=1334 audit(1699535495.389:7): prog-id=0 op=UNLOAD
Nov 09 13:11:35 localhost kernel: usb 3-2.1: Product: SMSC USX101x Reader 
Nov 09 13:11:35 localhost audit: BPF prog-id=9 op=LOAD
Nov 09 13:11:35 localhost audit: BPF prog-id=10 op=LOAD
Nov 09 13:11:35 localhost kernel: audit: type=1334 audit(1699535495.391:8): prog-id=9 op=LOAD
Nov 09 13:11:35 localhost kernel: audit: type=1334 audit(1699535495.393:9): prog-id=10 op=LOAD
Nov 09 13:11:35 localhost kernel: usb 3-2.1: Manufacturer: SMSC
Nov 09 13:11:35 localhost kernel: audit: type=1334 audit(1699535495.393:10): prog-id=0 op=UNLOAD
Nov 09 13:11:35 localhost audit: BPF prog-id=0 op=UNLOAD
Nov 09 13:11:35 localhost systemd[1]: Finished Coldplug All udev Devices.
Nov 09 13:11:35 localhost kernel: usb 3-2.1: SerialNumber: E0E535DF
Nov 09 13:11:35 localhost audit: BPF prog-id=0 op=UNLOAD
Nov 09 13:11:35 localhost systemd[1]: Mounted Home mount.
Nov 09 13:11:35 localhost systemd[1]: Finished Create Volatile Files and Directories.
Nov 09 13:11:35 localhost systemd[1]: Rebuild Journal Catalog was skipped because of a failed condition check (ConditionNeedsUpdate=/var).
Nov 09 13:11:35 localhost systemd[1]: Update is Completed was skipped because all trigger condition checks failed.
Nov 09 13:11:35 localhost systemd[1]: Starting Record System Boot/Shutdown in UTMP...
Nov 09 13:11:35 localhost kernel: tsc: Refined TSC clocksource calibration: 3243.890 MHz
Nov 09 13:11:35 localhost kernel: clocksource: tsc: mask: 0xffffffffffffffff max_cycles: 0x2ec23f40941, max_idle_ns: 440795347063 ns
Nov 09 13:11:35 localhost kernel: clocksource: Switched to clocksource tsc
Nov 09 13:11:35 localhost systemd[1]: Finished Record System Boot/Shutdown in UTMP.
Nov 09 13:11:35 localhost systemd[1]: Reached target System Initialization.
Nov 09 13:11:35 localhost systemd[1]: Daily Cleanup of Temporary Directories was skipped because of a failed condition check (ConditionPathExists=!/etc/initrd-release).
Nov 09 13:11:35 localhost systemd[1]: Reached target Timer Units.
Nov 09 13:11:35 localhost systemd[1]: Listening on D-Bus System Message Bus Socket.
Nov 09 13:11:35 localhost systemd[1]: Reached target Socket Units.
Nov 09 13:11:35 localhost systemd[1]: Reached target Basic System.
Nov 09 13:11:35 localhost systemd[1]: System is tainted: cgroupsv1
Nov 09 13:11:35 localhost systemd[1]: initrd-parse-etc.service: Deactivated successfully.
Nov 09 13:11:35 localhost systemd[1]: Finished Reload Configuration from the Real Root.
Nov 09 13:11:35 localhost systemd[1]: Reached target Initrd File Systems.
Nov 09 13:11:35 localhost systemd-udevd[221]: Using default interface naming scheme 'v250'.
Nov 09 13:11:35 localhost kernel: igb 0000:0d:00.0 eno1: renamed from eth0
Nov 09 13:11:35 localhost kernel: usb 3-2.2: new high-speed USB device number 4 using xhci_hcd
Nov 09 13:11:35 localhost kernel: usb 3-2.2: New USB device found, idVendor=0424, idProduct=2517, bcdDevice= 0.02
Nov 09 13:11:35 localhost kernel: usb 3-2.2: New USB device strings: Mfr=0, Product=0, SerialNumber=0
Nov 09 13:11:35 localhost systemd-udevd[246]: Using default interface naming scheme 'v250'.
Nov 09 13:11:35 localhost systemd[1]: Found device SFSA960GM2AK4TO-C-8C-636-STD root.
Nov 09 13:11:35 localhost systemd[1]: Reached target Initrd Root Device.
Nov 09 13:11:35 localhost kernel: hub 3-2.2:1.0: USB hub found
Nov 09 13:11:35 localhost kernel: hub 3-2.2:1.0: 7 ports detected
Nov 09 13:11:35 localhost systemd[1]: Reached target Initrd Default Target.
Nov 09 13:11:35 localhost systemd[1]: Starting Cleaning Up and Shutting Down Daemons...
Nov 09 13:11:35 localhost systemd[1]: Starting File System Check on /dev/sda2...
Nov 09 13:11:35 localhost systemd-fsck[254]: sda2: fsck.btrfs doesn't exist, not checking file system.
Nov 09 13:11:35 localhost systemd[1]: Finished File System Check on /dev/sda2.
Nov 09 13:11:35 localhost systemd[1]: Stopped target Initrd Default Target.
Nov 09 13:11:35 localhost systemd[1]: Stopped target Basic System.
Nov 09 13:11:35 localhost systemd[1]: Stopped target Initrd Root Device.
Nov 09 13:11:35 localhost systemd[1]: Stopped target Initrd /usr File System.
Nov 09 13:11:35 localhost systemd[1]: Stopped target Preparation for Network.
Nov 09 13:11:35 localhost systemd[1]: Stopped target Path Units.
Nov 09 13:11:35 localhost systemd[1]: systemd-ask-password-console.path: Deactivated successfully.
Nov 09 13:11:35 localhost systemd[1]: Stopped Dispatch Password Requests to Console Directory Watch.
Nov 09 13:11:35 localhost systemd[1]: Stopped target Slice Units.
Nov 09 13:11:35 localhost systemd[1]: Stopped target Socket Units.
Nov 09 13:11:35 localhost systemd[1]: Stopped target Timer Units.
Nov 09 13:11:35 localhost systemd[1]: dbus.socket: Deactivated successfully.
Nov 09 13:11:35 localhost systemd[1]: Closed D-Bus System Message Bus Socket.
Nov 09 13:11:35 localhost systemd[1]: Stopped target System Initialization.
Nov 09 13:11:35 localhost systemd[1]: Stopped target Swaps.
Nov 09 13:11:35 localhost systemd[1]: systemd-coredump.socket: Deactivated successfully.
Nov 09 13:11:35 localhost systemd[1]: Closed Process Core Dump Socket.
Nov 09 13:11:35 localhost systemd[1]: systemd-boot-update.service: Deactivated successfully.
Nov 09 13:11:35 localhost systemd[1]: Stopped Automatic Boot Loader Update.
Nov 09 13:11:35 localhost systemd[1]: systemd-sysctl.service: Deactivated successfully.
Nov 09 13:11:35 localhost systemd[1]: Stopped Apply Kernel Variables.
Nov 09 13:11:35 localhost systemd[1]: systemd-udev-trigger.service: Deactivated successfully.
Nov 09 13:11:35 localhost systemd[1]: Stopped Coldplug All udev Devices.
Nov 09 13:11:35 localhost systemd[1]: Stopping Rule-based Manager for Device Events and Files...
Nov 09 13:11:35 localhost systemd[1]: Stopping Record System Boot/Shutdown in UTMP...
Nov 09 13:11:35 localhost systemd[1]: initrd-cleanup.service: Deactivated successfully.
Nov 09 13:11:35 localhost systemd[1]: Finished Cleaning Up and Shutting Down Daemons.
Nov 09 13:11:35 localhost systemd[1]: systemd-update-utmp.service: Deactivated successfully.
Nov 09 13:11:35 localhost systemd[1]: Stopped Record System Boot/Shutdown in UTMP.
Nov 09 13:11:35 localhost systemd[1]: systemd-tmpfiles-setup.service: Deactivated successfully.
Nov 09 13:11:35 localhost systemd[1]: Stopped Create Volatile Files and Directories.
Nov 09 13:11:35 localhost systemd[1]: Stopped target Local File Systems.
Nov 09 13:11:35 localhost kernel: usb 3-2.4: new high-speed USB device number 5 using xhci_hcd
Nov 09 13:11:35 localhost kernel: usb 3-2.4: New USB device found, idVendor=0424, idProduct=2517, bcdDevice= 0.02
Nov 09 13:11:35 localhost kernel: usb 3-2.4: New USB device strings: Mfr=0, Product=0, SerialNumber=0
Nov 09 13:11:35 localhost kernel: hub 3-2.4:1.0: USB hub found
Nov 09 13:11:35 localhost kernel: hub 3-2.4:1.0: 7 ports detected
Nov 09 13:11:36 localhost systemd[1]: systemd-udevd.service: Deactivated successfully.
Nov 09 13:11:36 localhost systemd[1]: Stopped Rule-based Manager for Device Events and Files.
Nov 09 13:11:36 localhost systemd[1]: systemd-udevd-control.socket: Deactivated successfully.
Nov 09 13:11:36 localhost systemd[1]: Closed udev Control Socket.
Nov 09 13:11:36 localhost systemd[1]: systemd-udevd-kernel.socket: Deactivated successfully.
Nov 09 13:11:36 localhost systemd[1]: Closed udev Kernel Socket.
Nov 09 13:11:36 localhost systemd[1]: Starting Cleanup udev Database...
Nov 09 13:11:36 localhost systemd[1]: systemd-network-generator.service: Deactivated successfully.
Nov 09 13:11:36 localhost kernel: usb 3-2.2.1: new high-speed USB device number 6 using xhci_hcd
Nov 09 13:11:36 localhost systemd[1]: Stopped Generate network units from Kernel command line.
Nov 09 13:11:36 localhost systemd[1]: systemd-tmpfiles-setup-dev.service: Deactivated successfully.
Nov 09 13:11:36 localhost systemd[1]: Stopped Create Static Device Nodes in /dev.
Nov 09 13:11:36 localhost systemd[1]: initrd-udevadm-cleanup-db.service: Deactivated successfully.
Nov 09 13:11:36 localhost systemd[1]: Finished Cleanup udev Database.
Nov 09 13:11:36 localhost systemd[1]: Reached target Switch Root.
Nov 09 13:11:36 localhost systemd[1]: Starting Switch Root...
Nov 09 13:11:36 localhost systemd[1]: Switching root.
Nov 09 13:11:36 localhost systemd-journald[188]: Journal stopped
Nov 09 13:11:36 CMX50070-101776 systemd-journald[188]: Received SIGTERM from PID 1 (systemd).
Nov 09 13:11:36 CMX50070-101776 kernel: usb 3-2.2.1: New USB device found, idVendor=0424, idProduct=2517, bcdDevice= 0.02
Nov 09 13:11:36 CMX50070-101776 kernel: usb 3-2.2.1: New USB device strings: Mfr=0, Product=0, SerialNumber=0
Nov 09 13:11:36 CMX50070-101776 systemd[1]: Current system time is further ahead 15y after build time, but cannot correct: Invalid argument
Nov 09 13:11:36 CMX50070-101776 systemd[1]: systemd 250.5+ running in system mode (+PAM -AUDIT -SELINUX -APPARMOR -IMA -SMACK -SECCOMP -GCRYPT -GNUTLS -OPENSSL +ACL +BLKID -CURL -ELFUTILS -FIDO2 -IDN2 -IDN -IPTC +KMOD -LIBCRYPTSETUP +LIBFDISK -PCRE2 -PWQUALITY -P11KIT -QRENCODE -BZIP2 +LZ4 -XZ -ZLIB -ZSTD -BPF_FRAMEWORK -XKBCOMMON +UTMP -SYSVINIT default-hierarchy=hybrid)
Nov 09 13:11:36 CMX50070-101776 systemd[1]: Detected architecture x86-64.
Nov 09 13:11:36 CMX50070-101776 systemd[1]: Hostname set to <CMX50070-101776>.
Nov 09 13:11:36 CMX50070-101776 kernel: hub 3-2.2.1:1.0: USB hub found
Nov 09 13:11:36 CMX50070-101776 kernel: hub 3-2.2.1:1.0: 5 ports detected
Nov 09 13:11:36 CMX50070-101776 systemd[1]: /lib/systemd/system/mrt.webhelp.service:7: Standard output type syslog is obsolete, automatically updating to journal. Please update your unit file, and consider removing the setting altogether.
Nov 09 13:11:36 CMX50070-101776 systemd[1]: /lib/systemd/system/mrt.webhelp.service:8: Standard output type syslog is obsolete, automatically updating to journal. Please update your unit file, and consider removing the setting altogether.
Nov 09 13:11:36 CMX50070-101776 systemd[1]: Configuration file /lib/systemd/system/mrt.webgui.service is marked world-writable. Please remove world writability permission bits. Proceeding anyway.
Nov 09 13:11:36 CMX50070-101776 systemd[1]: /lib/systemd/system/mrt.webgui.service:7: Standard output type syslog is obsolete, automatically updating to journal. Please update your unit file, and consider removing the setting altogether.
Nov 09 13:11:36 CMX50070-101776 systemd[1]: /lib/systemd/system/mrt.webgui.service:8: Standard output type syslog is obsolete, automatically updating to journal. Please update your unit file, and consider removing the setting altogether.
Nov 09 13:11:36 CMX50070-101776 systemd[1]: Configuration file /lib/systemd/system/mrt.positioning.catrp3dr.service is marked executable. Please remove executable permission bits. Proceeding anyway.
Nov 09 13:11:36 CMX50070-101776 systemd[1]: Configuration file /lib/systemd/system/mrt.positioning.catrp3d1.service is marked executable. Please remove executable permission bits. Proceeding anyway.
Nov 09 13:11:36 CMX50070-101776 systemd[1]: Configuration file /lib/systemd/system/mrt.cmsequencer.service is marked executable. Please remove executable permission bits. Proceeding anyway.
Nov 09 13:11:36 CMX50070-101776 systemd[1]: /lib/systemd/system/mrt.base.service:3: Failed to add dependency on rpcbind.sockets, ignoring: Invalid argument
Nov 09 13:11:36 CMX50070-101776 systemd[1]: /lib/systemd/system/cmximportexport.service:16: Unknown key name 'PartOf' in section 'Service', ignoring.
Nov 09 13:11:36 CMX50070-101776 systemd[1]: Configuration file /etc/systemd/system/fcemergencyd.service is marked world-writable. Please remove world writability permission bits. Proceeding anyway.
Nov 09 13:11:36 CMX50070-101776 systemd[1]: Configuration file /etc/systemd/system/TCSS.service is marked world-writable. Please remove world writability permission bits. Proceeding anyway.
Nov 09 13:11:36 CMX50070-101776 systemd[1]: Configuration file /etc/systemd/system/LoggingService.service is marked world-writable. Please remove world writability permission bits. Proceeding anyway.
Nov 09 13:11:36 CMX50070-101776 systemd[1]: /etc/systemd/system/LoggingService.service:3: Failed to add dependency on rpcbind.sockets, ignoring: Invalid argument
Nov 09 13:11:36 CMX50070-101776 systemd[1]: Configuration file /etc/systemd/system/DAPILogger.service is marked world-writable. Please remove world writability permission bits. Proceeding anyway.
Nov 09 13:11:36 CMX50070-101776 kernel: usb 3-2.4.1: new high-speed USB device number 7 using xhci_hcd
Nov 09 13:11:36 CMX50070-101776 systemd[1]: initrd-switch-root.service: Deactivated successfully.
Nov 09 13:11:36 CMX50070-101776 systemd[1]: Stopped Switch Root.
Nov 09 13:11:36 CMX50070-101776 systemd[1]: systemd-journald.service: Scheduled restart job, restart counter is at 1.
Nov 09 13:11:36 CMX50070-101776 systemd[1]: Created slice Virtual Machine and Container Slice.
Nov 09 13:11:36 CMX50070-101776 systemd[1]: Created slice User and Session Slice.
Nov 09 13:11:36 CMX50070-101776 systemd[1]: Started Dispatch Password Requests to Console Directory Watch.
Nov 09 13:11:36 CMX50070-101776 systemd[1]: Started Forward Password Requests to Wall Directory Watch.
Nov 09 13:11:36 CMX50070-101776 systemd[1]: Reached target Login Prompts.
Nov 09 13:11:36 CMX50070-101776 systemd[1]: Stopped target Switch Root.
Nov 09 13:11:36 CMX50070-101776 systemd[1]: Stopped target Initrd File Systems.
Nov 09 13:11:36 CMX50070-101776 systemd[1]: Stopped target Initrd Root File System.
Nov 09 13:11:36 CMX50070-101776 systemd[1]: Reached target Remote File Systems.
Nov 09 13:11:36 CMX50070-101776 systemd[1]: Reached target Slice Units.
Nov 09 13:11:36 CMX50070-101776 systemd[1]: Reached target Swaps.
Nov 09 13:11:36 CMX50070-101776 systemd[1]: Listening on RPCbind Server Activation Socket.
Nov 09 13:11:36 CMX50070-101776 systemd[1]: Reached target RPC Port Mapper.
Nov 09 13:11:36 CMX50070-101776 systemd[1]: Listening on Process Core Dump Socket.
Nov 09 13:11:36 CMX50070-101776 systemd[1]: Listening on udev Control Socket.
Nov 09 13:11:36 CMX50070-101776 systemd[1]: Listening on udev Kernel Socket.
Nov 09 13:11:36 CMX50070-101776 systemd[1]: Huge Pages File System was skipped because of a failed condition check (ConditionPathExists=/sys/kernel/mm/hugepages).
Nov 09 13:11:36 CMX50070-101776 systemd[1]: tmp.mount: Directory /tmp to mount over is not empty, mounting anyway.
Nov 09 13:11:36 CMX50070-101776 systemd[1]: Mounting Temporary Directory /tmp...
Nov 09 13:11:36 CMX50070-101776 systemd[1]: Create List of Static Device Nodes was skipped because of a failed condition check (ConditionFileNotEmpty=/lib/modules/5.15.73/modules.devname).
Nov 09 13:11:36 CMX50070-101776 systemd[1]: Starting Load Kernel Module configfs...
Nov 09 13:11:36 CMX50070-101776 systemd[1]: Starting Load Kernel Module dm-mod...
Nov 09 13:11:36 CMX50070-101776 systemd[1]: Starting Load Kernel Module drm...
Nov 09 13:11:36 CMX50070-101776 systemd[1]: Starting Load Kernel Module fuse...
Nov 09 13:11:36 CMX50070-101776 systemd[1]: Starting Load Kernel Module loop...
Nov 09 13:11:36 CMX50070-101776 systemd[1]: Starting Load Kernel Module tun...
Nov 09 13:11:36 CMX50070-101776 systemd[1]: mount-sysroot.service: Deactivated successfully.
Nov 09 13:11:36 CMX50070-101776 systemd[1]: Stopped mount-sysroot.service.
Nov 09 13:11:36 CMX50070-101776 systemd[1]: Starting RPC Bind...
Nov 09 13:11:36 CMX50070-101776 systemd[1]: systemd-fsck-root.service: Deactivated successfully.
Nov 09 13:11:36 CMX50070-101776 systemd[1]: Stopped File System Check on Root Device.
Nov 09 13:11:36 CMX50070-101776 systemd[1]: Stopped Journal Service.
Nov 09 13:11:36 CMX50070-101776 systemd[1]: Starting Journal Service...
Nov 09 13:11:36 CMX50070-101776 systemd[1]: Starting Load Kernel Modules...
Nov 09 13:11:36 CMX50070-101776 systemd[1]: Starting Generate network units from Kernel command line...
Nov 09 13:11:36 CMX50070-101776 systemd-journald[281]: Journal started
Nov 09 13:11:36 CMX50070-101776 systemd-journald[281]: Runtime Journal (/run/log/journal/c9b3817a56e249f4a36b56f9eda6b8e6) is 8.0M, max 64.0M, 56.0M free.
Nov 09 13:11:36 CMX50070-101776 audit: BPF prog-id=11 op=LOAD
Nov 09 13:11:36 CMX50070-101776 audit: BPF prog-id=0 op=UNLOAD
Nov 09 13:11:36 CMX50070-101776 audit: BPF prog-id=12 op=LOAD
Nov 09 13:11:36 CMX50070-101776 audit: BPF prog-id=0 op=UNLOAD
Nov 09 13:11:36 CMX50070-101776 audit: BPF prog-id=13 op=LOAD
Nov 09 13:11:36 CMX50070-101776 audit: BPF prog-id=14 op=LOAD
Nov 09 13:11:36 CMX50070-101776 audit: BPF prog-id=0 op=UNLOAD
Nov 09 13:11:36 CMX50070-101776 audit: BPF prog-id=0 op=UNLOAD
Nov 09 13:11:36 CMX50070-101776 audit: BPF prog-id=15 op=LOAD
Nov 09 13:11:36 CMX50070-101776 audit: BPF prog-id=16 op=LOAD
Nov 09 13:11:36 CMX50070-101776 audit: BPF prog-id=0 op=UNLOAD
Nov 09 13:11:36 CMX50070-101776 audit: BPF prog-id=0 op=UNLOAD
Nov 09 13:11:36 CMX50070-101776 audit: BPF prog-id=17 op=LOAD
Nov 09 13:11:36 CMX50070-101776 audit: BPF prog-id=18 op=LOAD
Nov 09 13:11:36 CMX50070-101776 audit: BPF prog-id=0 op=UNLOAD
Nov 09 13:11:36 CMX50070-101776 audit: BPF prog-id=0 op=UNLOAD
Nov 09 13:11:36 CMX50070-101776 audit: BPF prog-id=19 op=LOAD
Nov 09 13:11:36 CMX50070-101776 audit: BPF prog-id=20 op=LOAD
Nov 09 13:11:36 CMX50070-101776 audit: BPF prog-id=0 op=UNLOAD
Nov 09 13:11:36 CMX50070-101776 audit: BPF prog-id=0 op=UNLOAD
Nov 09 13:11:36 CMX50070-101776 audit: CONFIG_CHANGE op=set audit_enabled=1 old=1 auid=4294967295 ses=4294967295 res=1
